Component: ARM Compiler 5.06 update 4 (build 422) Tool: armlink [4d35d2]

==============================================================================

Section Cross References

    main.o(i.BLUE_Config) refers to __2printf.o(.text) for __2printf
    main.o(i.BLUE_Config) refers to delay.o(i.delay_ms) for delay_ms
    main.o(i.Get_Message) refers to __2printf.o(.text) for __2printf
    main.o(i.Get_Message) refers to main.o(i.Arr_Clear) for Arr_Clear
    main.o(i.Get_Message) refers to stm32f10x_usart.o(i.USART_SendData) for USART_SendData
    main.o(i.Get_Message) refers to stm32f10x_usart.o(i.USART_GetFlagStatus) for USART_GetFlagStatus
    main.o(i.Get_Message) refers to usart.o(.data) for USART_RX_STA
    main.o(i.Get_Message) refers to main.o(.bss) for arr
    main.o(i.Get_Message) refers to usart.o(.bss) for USART_RX_BUF
    main.o(i.Message_Handler) refers to _printf_percent.o(.ARM.Collect$$_printf_percent$$00000000) for _printf_percent
    main.o(i.Message_Handler) refers to _printf_c.o(.ARM.Collect$$_printf_percent$$00000013) for _printf_c
    main.o(i.Message_Handler) refers to _printf_str.o(.text) for _printf_str
    main.o(i.Message_Handler) refers to main.o(i.Arr_Clear) for Arr_Clear
    main.o(i.Message_Handler) refers to delay.o(i.delay_ms) for delay_ms
    main.o(i.Message_Handler) refers to __2printf.o(.text) for __2printf
    main.o(i.Message_Handler) refers to strcpy.o(.text) for strcpy
    main.o(i.Message_Handler) refers to c89printf.o(.text) for __c89printf
    main.o(i.Message_Handler) refers to main.o(.bss) for arr
    main.o(i.OLED_Display) refers to _printf_percent.o(.ARM.Collect$$_printf_percent$$00000000) for _printf_percent
    main.o(i.OLED_Display) refers to _printf_f.o(.ARM.Collect$$_printf_percent$$00000003) for _printf_f
    main.o(i.OLED_Display) refers to printf1.o(x$fpl$printf1) for _printf_fp_dec
    main.o(i.OLED_Display) refers to f2d.o(x$fpl$f2d) for __aeabi_f2d
    main.o(i.OLED_Display) refers to __2sprintf.o(.text) for __2sprintf
    main.o(i.OLED_Display) refers to oled.o(i.OLED_ShowString) for OLED_ShowString
    main.o(i.OLED_Display) refers to oled.o(i.OLED_Refresh_Gram) for OLED_Refresh_Gram
    main.o(i.OLED_Display) refers to main.o(.data) for Pitch
    main.o(i.main) refers to system_stm32f10x.o(i.SystemInit) for SystemInit
    main.o(i.main) refers to delay.o(i.delay_init) for delay_init
    main.o(i.main) refers to misc.o(i.NVIC_PriorityGroupConfig) for NVIC_PriorityGroupConfig
    main.o(i.main) refers to usart.o(i.USART1_Init) for USART1_Init
    main.o(i.main) refers to gpio.o(i.LED_GPIO_Init) for LED_GPIO_Init
    main.o(i.main) refers to gpio.o(i.Wheels_GPIO_Init) for Wheels_GPIO_Init
    main.o(i.main) refers to pwm.o(i.Wheels_PWM_Init) for Wheels_PWM_Init
    main.o(i.main) refers to oled.o(i.OLED_Init) for OLED_Init
    main.o(i.main) refers to oled.o(i.OLED_ShowString) for OLED_ShowString
    main.o(i.main) refers to oled.o(i.OLED_Refresh_Gram) for OLED_Refresh_Gram
    main.o(i.main) refers to delay.o(i.delay_ms) for delay_ms
    main.o(i.main) refers to oled.o(i.OLED_Clear) for OLED_Clear
    main.o(i.main) refers to stm32f10x_tim.o(i.TIM_SetCompare1) for TIM_SetCompare1
    main.o(i.main) refers to stm32f10x_tim.o(i.TIM_SetCompare2) for TIM_SetCompare2
    main.o(i.main) refers to stm32f10x_tim.o(i.TIM_SetCompare3) for TIM_SetCompare3
    main.o(i.main) refers to stm32f10x_tim.o(i.TIM_SetCompare4) for TIM_SetCompare4
    main.o(i.main) refers to iic.o(i.IIC_Init) for IIC_Init
    main.o(i.main) refers to mpu6050.o(i.MPU6050_initialize) for MPU6050_initialize
    main.o(i.main) refers to mpu6050.o(i.DMP_Init) for DMP_Init
    main.o(i.main) refers to __2printf.o(.text) for __2printf
    main.o(i.main) refers to mpu6050.o(i.Read_DMP) for Read_DMP
    main.o(i.main) refers to main.o(i.OLED_Display) for OLED_Display
    main.o(i.main) refers to main.o(i.Get_Message) for Get_Message
    main.o(i.main) refers to main.o(i.Message_Handler) for Message_Handler
    main.o(i.main) refers to main.o(.data) for Yaw
    system_stm32f10x.o(i.SetSysClock) refers to system_stm32f10x.o(i.SetSysClockTo72) for SetSysClockTo72
    system_stm32f10x.o(i.SystemCoreClockUpdate) refers to system_stm32f10x.o(.data) for SystemCoreClock
    system_stm32f10x.o(i.SystemInit) refers to system_stm32f10x.o(i.SetSysClock) for SetSysClock
    startup_stm32f10x_md.o(STACK) refers (Special) to heapauxi.o(.text) for __use_two_region_memory
    startup_stm32f10x_md.o(HEAP) refers (Special) to heapauxi.o(.text) for __use_two_region_memory
    startup_stm32f10x_md.o(RESET) refers (Special) to heapauxi.o(.text) for __use_two_region_memory
    startup_stm32f10x_md.o(RESET) refers to startup_stm32f10x_md.o(STACK) for __initial_sp
    startup_stm32f10x_md.o(RESET) refers to startup_stm32f10x_md.o(.text) for Reset_Handler
    startup_stm32f10x_md.o(RESET) refers to stm32f10x_it.o(i.NMI_Handler) for NMI_Handler
[...]
    _get_lc_monetary                          - Undefined Weak Reference
    _get_lc_time                              - Undefined Weak Reference
    _getenv_init                              - Undefined Weak Reference
    _handle_redirection                       - Undefined Weak Reference
    _init_alloc                               - Undefined Weak Reference
    _init_user_alloc                          - Undefined Weak Reference
    _initio                                   - Undefined Weak Reference
    _mutex_acquire                            - Undefined Weak Reference
    _mutex_release                            - Undefined Weak Reference
    _printf_fp_hex                            - Undefined Weak Reference
    _printf_mbtowc                            - Undefined Weak Reference
    _printf_wc                                - Undefined Weak Reference
    _rand_init                                - Undefined Weak Reference
    _signal_finish                            - Undefined Weak Reference
    _signal_init                              - Undefined Weak Reference
    _terminate_alloc                          - Undefined Weak Reference
    _terminate_user_alloc                     - Undefined Weak Reference
    _terminateio                              - Undefined Weak Reference
    __Vectors_Size                           0x000000ec   Number         0  startup_stm32f10x_md.o ABSOLUTE
    __Vectors                                0x08000000   Data           4  startup_stm32f10x_md.o(RESET)
    __Vectors_End                            0x080000ec   Data           0  startup_stm32f10x_md.o(RESET)
    __main                                   0x080000ed   Thumb Code     8  __main.o(!!!main)
    __scatterload                            0x080000f5   Thumb Code     0  __scatter.o(!!!scatter)
    __scatterload_rt2                        0x080000f5   Thumb Code    44  __scatter.o(!!!scatter)
    __scatterload_rt2_thumb_only             0x080000f5   Thumb Code     0  __scatter.o(!!!scatter)
    __scatterload_null                       0x08000103   Thumb Code     0  __scatter.o(!!!scatter)
    __scatterload_copy                       0x08000129   Thumb Code    26  __scatter_copy.o(!!handler_copy)
    __scatterload_zeroinit                   0x08000145   Thumb Code    28  __scatter_zi.o(!!handler_zi)
    _printf_n                                0x08000161   Thumb Code     0  _printf_n.o(.ARM.Collect$$_printf_percent$$00000001)
    _printf_percent                          0x08000161   Thumb Code     0  _printf_percent.o(.ARM.Collect$$_printf_percent$$00000000)
    _printf_p                                0x08000167   Thumb Code     0  _printf_p.o(.ARM.Collect$$_printf_percent$$00000002)
    _printf_f                                0x0800016d   Thumb Code     0  _printf_f.o(.ARM.Collect$$_printf_percent$$00000003)
    _printf_e                                0x08000173   Thumb Code     0  _printf_e.o(.ARM.Collect$$_printf_percent$$00000004)
    _printf_g                                0x08000179   Thumb Code     0  _printf_g.o(.ARM.Collect$$_printf_percent$$00000005)
    _printf_a                                0x0800017f   Thumb Code     0  _printf_a.o(.ARM.Collect$$_printf_percent$$00000006)
    _printf_ll                               0x08000185   Thumb Code     0  _printf_ll.o(.ARM.Collect$$_printf_percent$$00000007)
    _printf_i                                0x0800018f   Thumb Code     0  _printf_i.o(.ARM.Collect$$_printf_percent$$00000008)
    _printf_d                                0x08000195   Thumb Code     0  _printf_d.o(.ARM.Collect$$_printf_percent$$00000009)
    _printf_u                                0x0800019b   Thumb Code     0  _printf_u.o(.ARM.Collect$$_printf_percent$$0000000A)
    _printf_o                                0x080001a1   Thumb Code     0  _printf_o.o(.ARM.Collect$$_printf_percent$$0000000B)
    _printf_x                                0x080001a7   Thumb Code     0  _printf_x.o(.ARM.Collect$$_printf_percent$$0000000C)
    _printf_lli                              0x080001ad   Thumb Code     0  _printf_lli.o(.ARM.Collect$$_printf_percent$$0000000D)
    _printf_lld                              0x080001b3   Thumb Code     0  _printf_lld.o(.ARM.Collect$$_printf_percent$$0000000E)
    _printf_llu                              0x080001b9   Thumb Code     0  _printf_llu.o(.ARM.Collect$$_printf_percent$$0000000F)
    _printf_llo                              0x080001bf   Thumb Code     0  _printf_llo.o(.ARM.Collect$$_printf_percent$$00000010)
    _printf_llx                              0x080001c5   Thumb Code     0  _printf_llx.o(.ARM.Collect$$_printf_percent$$00000011)
    _printf_l                                0x080001cb   Thumb Code     0  _printf_l.o(.ARM.Collect$$_printf_percent$$00000012)
    _printf_c                                0x080001d5   Thumb Code     0  _printf_c.o(.ARM.Collect$$_printf_percent$$00000013)
    _printf_s                                0x080001db   Thumb Code     0  _printf_s.o(.ARM.Collect$$_printf_percent$$00000014)
    _printf_lc                               0x080001e1   Thumb Code     0  _printf_lc.o(.ARM.Collect$$_printf_percent$$00000015)
    _printf_ls                               0x080001e7   Thumb Code     0  _printf_ls.o(.ARM.Collect$$_printf_percent$$00000016)
    _printf_percent_end                      0x080001ed   Thumb Code     0  _printf_percent_end.o(.ARM.Collect$$_printf_percent$$00000017)
    __rt_lib_init                            0x080001f1   Thumb Code     0  libinit.o(.ARM.Collect$$libinit$$00000000)
    __rt_lib_init_fp_1                       0x080001f3   Thumb Code     0  libinit2.o(.ARM.Collect$$libinit$$00000002)
    __rt_lib_init_heap_1                     0x080001f3   Thumb Code     0  libinit2.o(.ARM.Collect$$libinit$$0000000A)
    __rt_lib_init_lc_common                  0x080001f3   Thumb Code     0  libinit2.o(.ARM.Collect$$libinit$$0000000F)
    __rt_lib_init_preinit_1                  0x080001f3   Thumb Code     0  libinit2.o(.ARM.Collect$$libinit$$00000004)
    __rt_lib_init_rand_1                     0x080001f3   Thumb Code     0  libinit2.o(.ARM.Collect$$libinit$$0000000E)
    __rt_lib_init_user_alloc_1               0x080001f3   Thumb Code     0  libinit2.o(.ARM.Collect$$libinit$$0000000C)
    __rt_lib_init_lc_collate_1               0x080001f9   Thumb Code     0  libinit2.o(.ARM.Collect$$libinit$$00000011)
    __rt_lib_init_lc_ctype_2                 0x080001f9   Thumb Code     0  libinit2.o(.ARM.Collect$$libinit$$00000012)
    __rt_lib_init_lc_ctype_1                 0x08000205   Thumb Code     0  libinit2.o(.ARM.Collect$$libinit$$00000013)
    __rt_lib_init_lc_monetary_1              0x08000205   Thumb Code     0  libinit2.o(.ARM.Collect$$libinit$$00000015)
    __rt_lib_init_lc_numeric_2               0x08000205   Thumb Code     0  libinit2.o(.ARM.Collect$$libinit$$00000016)
    __rt_lib_init_alloca_1                   0x0800020f   Thumb Code     0  libinit2.o(.ARM.Collect$$libinit$$0000002E)
    __rt_lib_init_argv_1                     0x0800020f   Thumb Code     0  libinit2.o(.ARM.Collect$$libinit$$0000002C)
    __rt_lib_init_atexit_1                   0x0800020f   Thumb Code     0  libinit2.o(.ARM.Collect$$libinit$$0000001B)
    __rt_lib_init_clock_1                    0x0800020f   Thumb Code     0  libinit2.o(.ARM.Collect$$libinit$$00000021)
    __rt_lib_init_cpp_1                      0x0800020f   Thumb Code     0  libinit2.o(.ARM.Collect$$libinit$$00000032)
    __rt_lib_init_exceptions_1               0x0800020f   Thumb Code     0  libinit2.o(.ARM.Collect$$libinit$$00000030)
    __rt_lib_init_fp_trap_1                  0x0800020f   Thumb Code     0  libinit2.o(.ARM.Collect$$libinit$$0000001F)
    __rt_lib_init_getenv_1                   0x0800020f   Thumb Code     0  libinit2.o(.ARM.Collect$$libinit$$00000023)
    __rt_lib_init_lc_numeric_1               0x0800020f   Thumb Code     0  libinit2.o(.ARM.Collect$$libinit$$00000017)
    __rt_lib_init_lc_time_1                  0x0800020f   Thumb Code     0  libinit2.o(.ARM.Collect$$libinit$$00000019)
    __rt_lib_init_return                     0x0800020f   Thumb Code     0  libinit2.o(.ARM.Collect$$libinit$$00000033)
    __rt_lib_init_signal_1                   0x0800020f   Thumb Code     0  libinit2.o(.ARM.Collect$$libinit$$0000001D)
    __rt_lib_init_stdio_1                    0x0800020f   Thumb Code     0  libinit2.o(.ARM.Collect$$libinit$$00000025)
    __rt_lib_shutdown                        0x08000211   Thumb Code     0  libshutdown.o(.ARM.Collect$$libshutdown$$00000000)
    __rt_lib_shutdown_cpp_1                  0x08000213   Thumb Code     0  libshutdown2.o(.ARM.Collect$$libshutdown$$00000002)
    __rt_lib_shutdown_fp_trap_1              0x08000213   Thumb Code     0  libshutdown2.o(.ARM.Collect$$libshutdown$$00000007)
    __rt_lib_shutdown_heap_1                 0x08000213   Thumb Code     0  libshutdown2.o(.ARM.Collect$$libshutdown$$0000000F)
    __rt_lib_shutdown_return                 0x08000213   Thumb Code     0  libshutdown2.o(.ARM.Collect$$libshutdown$$00000010)
    __rt_lib_shutdown_signal_1               0x08000213   Thumb Code     0  libshutdown2.o(.ARM.Collect$$libshutdown$$0000000A)
    __rt_lib_shutdown_stdio_1                0x08000213   Thumb Code     0  libshutdown2.o(.ARM.Collect$$libshutdown$$00000004)
    __rt_lib_shutdown_user_alloc_1           0x08000213   Thumb Code     0  libshutdown2.o(.ARM.Collect$$libshutdown$$0000000C)
    __rt_entry                               0x08000215   Thumb Code     0  __rtentry.o(.ARM.Collect$$rtentry$$00000000)
    __rt_entry_presh_1                       0x08000215   Thumb Code     0  __rtentry2.o(.ARM.Collect$$rtentry$$00000002)
    __rt_entry_sh                            0x08000215   Thumb Code     0  __rtentry4.o(.ARM.Collect$$rtentry$$00000004)
    __rt_entry_li                            0x0800021b   Thumb Code     0  __rtentry2.o(.ARM.Collect$$rtentry$$0000000A)
    __rt_entry_postsh_1                      0x0800021b   Thumb Code     0  __rtentry2.o(.ARM.Collect$$rtentry$$00000009)
    __rt_entry_main                          0x0800021f   Thumb Code     0  __rtentry2.o(.ARM.Collect$$rtentry$$0000000D)
    __rt_entry_postli_1                      0x0800021f   Thumb Code     0  __rtentry2.o(.ARM.Collect$$rtentry$$0000000C)
    __rt_exit                                0x08000227   Thumb Code     0  rtexit.o(.ARM.Collect$$rtexit$$00000000)
    __rt_exit_ls                             0x08000229   Thumb Code     0  rtexit2.o(.ARM.Collect$$rtexit$$00000003)
    __rt_exit_prels_1                        0x08000229   Thumb Code     0  rtexit2.o(.ARM.Collect$$rtexit$$00000002)
    __rt_exit_exit                           0x0800022d   Thumb Code     0  rtexit2.o(.ARM.Collect$$rtexit$$00000004)
    Reset_Handler                            0x08000235   Thumb Code     8  startup_stm32f10x_md.o(.text)
    ADC1_2_IRQHandler                        0x0800024f   Thumb Code     0  startup_stm32f10x_md.o(.text)
    CAN1_RX1_IRQHandler                      0x0800024f   Thumb Code     0  startup_stm32f10x_md.o(.text)
    CAN1_SCE_IRQHandler                      0x0800024f   Thumb Code     0  startup_stm32f10x_md.o(.text)
    DMA1_Channel1_IRQHandler                 0x0800024f   Thumb Code     0  startup_stm32f10x_md.o(.text)
    DMA1_Channel2_IRQHandler                 0x0800024f   Thumb Code     0  startup_stm32f10x_md.o(.text)
    DMA1_Channel3_IRQHandler                 0x0800024f   Thumb Code     0  startup_stm32f10x_md.o(.text)
    DMA1_Channel4_IRQHandler                 0x0800024f   Thumb Code     0  startup_stm32f10x_md.o(.text)
    DMA1_Channel5_IRQHandler                 0x0800024f   Thumb Code     0  startup_stm32f10x_md.o(.text)
    DMA1_Channel6_IRQHandler                 0x0800024f   Thumb Code     0  startup_stm32f10x_md.o(.text)
    DMA1_Channel7_IRQHandler                 0x0800024f   Thumb Code     0  startup_stm32f10x_md.o(.text)
    EXTI0_IRQHandler                         0x0800024f   Thumb Code     0  startup_stm32f10x_md.o(.text)
    EXTI15_10_IRQHandler                     0x0800024f   Thumb Code     0  startup_stm32f10x_md.o(.text)
    EXTI1_IRQHandler                         0x0800024f   Thumb Code     0  startup_stm32f10x_md.o(.text)
    EXTI2_IRQHandler                         0x0800024f   Thumb Code     0  startup_stm32f10x_md.o(.text)
    EXTI3_IRQHandler                         0x0800024f   Thumb Code     0  startup_stm32f10x_md.o(.text)
    EXTI4_IRQHandler                         0x0800024f   Thumb Code     0  startup_stm32f10x_md.o(.text)
    EXTI9_5_IRQHandler                       0x0800024f   Thumb Code     0  startup_stm32f10x_md.o(.text)
    FLASH_IRQHandler                         0x0800024f   Thumb Code     0  startup_stm32f10x_md.o(.text)
    I2C1_ER_IRQHandler                       0x0800024f   Thumb Code     0  startup_stm32f10x_md.o(.text)
    I2C1_EV_IRQHandler                       0x0800024f   Thumb Code     0  startup_stm32f10x_md.o(.text)
    I2C2_ER_IRQHandler                       0x0800024f   Thumb Code     0  startup_stm32f10x_md.o(.text)
    I2C2_EV_IRQHandler                       0x0800024f   Thumb Code     0  startup_stm32f10x_md.o(.text)
    PVD_IRQHandler                           0x0800024f   Thumb Code     0  startup_stm32f10x_md.o(.text)
    RCC_IRQHandler                           0x0800024f   Thumb Code     0  startup_stm32f10x_md.o(.text)
    RTCAlarm_IRQHandler                      0x0800024f   Thumb Code     0  startup_stm32f10x_md.o(.text)
    RTC_IRQHandler                           0x0800024f   Thumb Code     0  startup_stm32f10x_md.o(.text)
    SPI1_IRQHandler                          0x0800024f   Thumb Code     0  startup_stm32f10x_md.o(.text)
    SPI2_IRQHandler                          0x0800024f   Thumb Code     0  startup_stm32f10x_md.o(.text)
    TAMPER_IRQHandler                        0x0800024f   Thumb Code     0  startup_stm32f10x_md.o(.text)
    TIM1_BRK_IRQHandler                      0x0800024f   Thumb Code     0  startup_stm32f10x_md.o(.text)
    TIM1_CC_IRQHandler                       0x0800024f   Thumb Code     0  startup_stm32f10x_md.o(.text)
    TIM1_TRG_COM_IRQHandler                  0x0800024f   Thumb Code     0  startup_stm32f10x_md.o(.text)
    TIM1_UP_IRQHandler                       0x0800024f   Thumb Code     0  startup_stm32f10x_md.o(.text)
    TIM3_IRQHandler                          0x0800024f   Thumb Code     0  startup_stm32f10x_md.o(.text)
    TIM4_IRQHandler                          0x0800024f   Thumb Code     0  startup_stm32f10x_md.o(.text)
    USART2_IRQHandler                        0x0800024f   Thumb Code     0  startup_stm32f10x_md.o(.text)
    USART3_IRQHandler                        0x0800024f   Thumb Code     0  startup_stm32f10x_md.o(.text)
    USBWakeUp_IRQHandler                     0x0800024f   Thumb Code     0  startup_stm32f10x_md.o(.text)
    USB_HP_CAN1_TX_IRQHandler                0x0800024f   Thumb Code     0  startup_stm32f10x_md.o(.text)
    USB_LP_CAN1_RX0_IRQHandler               0x0800024f   Thumb Code     0  startup_stm32f10x_md.o(.text)
    WWDG_IRQHandler                          0x0800024f   Thumb Code     0  startup_stm32f10x_md.o(.text)
    __user_initial_stackheap                 0x08000251   Thumb Code     0  startup_stm32f10x_md.o(.text)
    __use_no_semihosting                     0x08000275   Thumb Code     2  use_no_semi_2.o(.text)
    __aeabi_ldivmod                          0x08000277   Thumb Code     0  llsdiv.o(.text)
    _ll_sdiv                                 0x08000277   Thumb Code    72  llsdiv.o(.text)
    __c89printf                              0x080002c1   Thumb Code    20  c89printf.o(.text)
    __2printf                                0x080002d9   Thumb Code    20  __2printf.o(.text)
    __2sprintf                               0x080002f1   Thumb Code    38  __2sprintf.o(.text)
    _printf_str                              0x0800031d   Thumb Code    82  _printf_str.o(.text)
    _printf_int_dec                          0x08000371   Thumb Code   104  _printf_dec.o(.text)
    __printf                                 0x080003e9   Thumb Code   388  __printf_flags_ss_wp.o(.text)
    memcmp                                   0x08000571   Thumb Code    88  memcmp.o(.text)
    strcpy                                   0x080005c9   Thumb Code    72  strcpy.o(.text)
    __aeabi_memset                           0x08000611   Thumb Code    16  aeabi_memset.o(.text)
    __use_two_region_memory                  0x08000621   Thumb Code     2  heapauxi.o(.text)
    __rt_heap_escrow$2region                 0x08000623   Thumb Code     2  heapauxi.o(.text)
    __rt_heap_expand$2region                 0x08000625   Thumb Code     2  heapauxi.o(.text)
    __I$use$semihosting                      0x08000627   Thumb Code     0  use_no_semi.o(.text)
    __use_no_semihosting_swi                 0x08000627   Thumb Code     2  use_no_semi.o(.text)
    __aeabi_uldivmod                         0x08000629   Thumb Code     0  lludivv7m.o(.text)
    _ll_udiv                                 0x08000629   Thumb Code   238  lludivv7m.o(.text)
    __read_errno                             0x08000717   Thumb Code    10  _rserrno.o(.text)
    __set_errno                              0x08000721   Thumb Code    12  _rserrno.o(.text)
    _printf_pre_padding                      0x0800072d   Thumb Code    44  _printf_pad.o(.text)
    _printf_post_padding                     0x08000759   Thumb Code    34  _printf_pad.o(.text)
    _printf_truncate_signed                  0x0800077b   Thumb Code    18  _printf_truncate.o(.text)
    _printf_truncate_unsigned                0x0800078d   Thumb Code    18  _printf_truncate.o(.text)
    _printf_int_common                       0x0800079f   Thumb Code   178  _printf_intcommon.o(.text)
    _printf_charcount                        0x08000851   Thumb Code    40  _printf_charcount.o(.text)
    __lib_sel_fp_printf                      0x08000879   Thumb Code     2  _printf_fp_dec.o(.text)
    _printf_fp_dec_real                      0x08000a27   Thumb Code   620  _printf_fp_dec.o(.text)
    _printf_char_common                      0x08000c9f   Thumb Code    32  _printf_char_common.o(.text)
    _sputc                                   0x08000cc5   Thumb Code    10  _sputc.o(.text)
    _printf_cs_common                        0x08000ccf   Thumb Code    20  _printf_char.o(.text)
    _printf_char                             0x08000ce3   Thumb Code    16  _printf_char.o(.text)
    _printf_string                           0x08000cf3   Thumb Code     8  _printf_char.o(.text)
    _printf_char_file                        0x08000cfd   Thumb Code    32  _printf_char_file.o(.text)
    _printf_wctomb                           0x08000d21   Thumb Code   182  _printf_wctomb.o(.text)
    _printf_longlong_dec                     0x08000ddd   Thumb Code   108  _printf_longlong_dec.o(.text)
    _printf_longlong_oct                     0x08000e59   Thumb Code    66  _printf_oct_int_ll.o(.text)
    _printf_int_oct                          0x08000e9b   Thumb Code    24  _printf_oct_int_ll.o(.text)
    _printf_ll_oct                           0x08000eb3   Thumb Code    12  _printf_oct_int_ll.o(.text)
    _printf_longlong_hex                     0x08000ec9   Thumb Code    86  _printf_hex_int_ll_ptr.o(.text)
    _printf_int_hex                          0x08000f1f   Thumb Code    28  _printf_hex_int_ll_ptr.o(.text)
    _printf_ll_hex                           0x08000f3b   Thumb Code    12  _printf_hex_int_ll_ptr.o(.text)
    _printf_hex_ptr                          0x08000f47   Thumb Code    18  _printf_hex_int_ll_ptr.o(.text)
    __aeabi_memclr                           0x08000f5d   Thumb Code     0  rt_memclr.o(.text)
    __rt_memclr                              0x08000f5d   Thumb Code    68  rt_memclr.o(.text)
    _memset                                  0x08000f61   Thumb Code     0  rt_memclr.o(.text)
    __rt_locale                              0x08000fa1   Thumb Code     8  rt_locale_intlibspace.o(.text)
    __aeabi_errno_addr                       0x08000fa9   Thumb Code     8  rt_errno_addr_intlibspace.o(.text)
    __errno$intlibspace                      0x08000fa9   Thumb Code     0  rt_errno_addr_intlibspace.o(.text)
    __rt_errno_addr$intlibspace              0x08000fa9   Thumb Code     0  rt_errno_addr_intlibspace.o(.text)
    _ll_udiv10                               0x08000fb1   Thumb Code   138  lludiv10.o(.text)
    _printf_fp_infnan                        0x0800103d   Thumb Code   112  _printf_fp_infnan.o(.text)
    _printf_lcs_common                       0x080010bd   Thumb Code    20  _printf_wchar.o(.text)
    _printf_wchar                            0x080010d1   Thumb Code    16  _printf_wchar.o(.text)
    _printf_wstring                          0x080010e1   Thumb Code     8  _printf_wchar.o(.text)
    _btod_etento                             0x080010e9   Thumb Code   216  bigflt0.o(.text)
    ferror                                   0x080011c5   Thumb Code     8  ferror.o(.text)
    _wcrtomb                                 0x080011cd   Thumb Code    64  _wcrtomb.o(.text)
    __aeabi_memclr4                          0x0800120d   Thumb Code     0  rt_memclr_w.o(.text)
    __aeabi_memclr8                          0x0800120d   Thumb Code     0  rt_memclr_w.o(.text)
    __rt_memclr_w                            0x0800120d   Thumb Code    78  rt_memclr_w.o(.text)
    _memset_w                                0x08001211   Thumb Code     0  rt_memclr_w.o(.text)
    __user_libspace                          0x0800125d   Thumb Code     8  libspace.o(.text)
    __user_perproc_libspace                  0x0800125d   Thumb Code     0  libspace.o(.text)
    __user_perthread_libspace                0x0800125d   Thumb Code     0  libspace.o(.text)
    __user_setup_stackheap                   0x08001265   Thumb Code    74  sys_stackheap_outer.o(.text)
    __rt_ctype_table                         0x080012b1   Thumb Code    16  rt_ctype_table.o(.text)
    exit                                     0x080012c1   Thumb Code    18  exit.o(.text)
    strcmp                                   0x080012d5   Thumb Code   128  strcmpv7m.o(.text)
    _btod_d2e                                0x08001355   Thumb Code    62  btod.o(CL$$btod_d2e)
    _d2e_denorm_low                          0x08001393   Thumb Code    70  btod.o(CL$$btod_d2e_denorm_low)
    _d2e_norm_op1                            0x080013d9   Thumb Code    96  btod.o(CL$$btod_d2e_norm_op1)
    __btod_div_common                        0x08001439   Thumb Code   696  btod.o(CL$$btod_div_common)
    _e2e                                     0x08001771   Thumb Code   198  btod.o(CL$$btod_e2e)
    _btod_ediv                               0x08001837   Thumb Code    40  btod.o(CL$$btod_ediv)
    _btod_emul                               0x0800185f   Thumb Code    40  btod.o(CL$$btod_emul)
    __btod_mult_common                       0x08001887   Thumb Code   580  btod.o(CL$$btod_mult_common)
    Arr_Clear                                0x08001acb   Thumb Code    18  main.o(i.Arr_Clear)
    BusFault_Handler                         0x08001add   Thumb Code     4  stm32f10x_it.o(i.BusFault_Handler)
    DMP_Init                                 0x08001ae1   Thumb Code   194  mpu6050.o(i.DMP_Init)
    DebugMon_Handler                         0x08001cf1   Thumb Code     2  stm32f10x_it.o(i.DebugMon_Handler)
    GPIO_Init                                0x08001cf3   Thumb Code   278  stm32f10x_gpio.o(i.GPIO_Init)
    GPIO_SetBits                             0x08001e09   Thumb Code     4  stm32f10x_gpio.o(i.GPIO_SetBits)
    Get_Message                              0x08001e0d   Thumb Code    94  main.o(i.Get_Message)
    HardFault_Handler                        0x08001e95   Thumb Code     4  stm32f10x_it.o(i.HardFault_Handler)
    I2C_ReadOneByte                          0x08001e99   Thumb Code    70  iic.o(i.I2C_ReadOneByte)
    IIC_Ack                                  0x08001ee1   Thumb Code    62  iic.o(i.IIC_Ack)
    IIC_Delay                                0x08001f2d   Thumb Code    10  iic.o(i.IIC_Delay)
    IIC_Init                                 0x08001f39   Thumb Code    50  iic.o(i.IIC_Init)
    IIC_NAck                                 0x08001f71   Thumb Code    62  iic.o(i.IIC_NAck)
    IIC_Read_Byte                            0x08001fbd   Thumb Code    94  iic.o(i.IIC_Read_Byte)
    IIC_Send_Byte                            0x08002029   Thumb Code    98  iic.o(i.IIC_Send_Byte)
    IIC_Start                                0x08002099   Thumb Code    90  iic.o(i.IIC_Start)
    IIC_Stop                                 0x08002101   Thumb Code    58  iic.o(i.IIC_Stop)
    IIC_Wait_Ack                             0x08002149   Thumb Code    90  iic.o(i.IIC_Wait_Ack)
    IICreadByte                              0x080021b1   Thumb Code    22  iic.o(i.IICreadByte)
    IICwriteBit                              0x080021c7   Thumb Code    64  iic.o(i.IICwriteBit)
    IICwriteBits                             0x08002207   Thumb Code   106  iic.o(i.IICwriteBits)
    IICwriteByte                             0x08002271   Thumb Code    20  iic.o(i.IICwriteByte)
    IICwriteBytes                            0x08002285   Thumb Code    70  iic.o(i.IICwriteBytes)
    LED_GPIO_Init                            0x080022cd   Thumb Code    40  gpio.o(i.LED_GPIO_Init)
    MPU6050_initialize                       0x080022f9   Thumb Code    40  mpu6050.o(i.MPU6050_initialize)
    MPU6050_setClockSource                   0x08002321   Thumb Code    20  mpu6050.o(i.MPU6050_setClockSource)
    MPU6050_setFullScaleAccelRange           0x08002335   Thumb Code    20  mpu6050.o(i.MPU6050_setFullScaleAccelRange)
    MPU6050_setFullScaleGyroRange            0x08002349   Thumb Code    20  mpu6050.o(i.MPU6050_setFullScaleGyroRange)
    MPU6050_setI2CBypassEnabled              0x0800235d   Thumb Code    18  mpu6050.o(i.MPU6050_setI2CBypassEnabled)
    MPU6050_setI2CMasterModeEnabled          0x0800236f   Thumb Code    18  mpu6050.o(i.MPU6050_setI2CMasterModeEnabled)
    MPU6050_setSleepEnabled                  0x08002381   Thumb Code    18  mpu6050.o(i.MPU6050_setSleepEnabled)
    MemManage_Handler                        0x08002393   Thumb Code     4  stm32f10x_it.o(i.MemManage_Handler)
    Message_Handler                          0x08002399   Thumb Code   144  main.o(i.Message_Handler)
    NMI_Handler                              0x08002451   Thumb Code     2  stm32f10x_it.o(i.NMI_Handler)
    NVIC_Init                                0x08002455   Thumb Code   100  misc.o(i.NVIC_Init)
    NVIC_PriorityGroupConfig                 0x080024c5   Thumb Code    10  misc.o(i.NVIC_PriorityGroupConfig)
    OLED_Clear                               0x080024d9   Thumb Code    42  oled.o(i.OLED_Clear)
    OLED_Display                             0x08002509   Thumb Code   114  main.o(i.OLED_Display)
    OLED_DrawPoint                           0x080025ad   Thumb Code   100  oled.o(i.OLED_DrawPoint)
    OLED_Init                                0x08002615   Thumb Code   300  oled.o(i.OLED_Init)
    OLED_Refresh_Gram                        0x08002751   Thumb Code    70  oled.o(i.OLED_Refresh_Gram)
    OLED_ShowChar                            0x0800279d   Thumb Code   254  oled.o(i.OLED_ShowChar)
    OLED_ShowString                          0x080028a9   Thumb Code    94  oled.o(i.OLED_ShowString)
    OLED_WR_Byte                             0x08002909   Thumb Code    82  oled.o(i.OLED_WR_Byte)
    PendSV_Handler                           0x0800296d   Thumb Code     2  stm32f10x_it.o(i.PendSV_Handler)
    RCC_APB1PeriphClockCmd                   0x08002971   Thumb Code    26  stm32f10x_rcc.o(i.RCC_APB1PeriphClockCmd)
    RCC_APB2PeriphClockCmd                   0x08002991   Thumb Code    26  stm32f10x_rcc.o(i.RCC_APB2PeriphClockCmd)
    RCC_GetClocksFreq                        0x080029b1   Thumb Code   192  stm32f10x_rcc.o(i.RCC_GetClocksFreq)
    Read_DMP                                 0x08002a85   Thumb Code   570  mpu6050.o(i.Read_DMP)
    SVC_Handler                              0x08002ce1   Thumb Code     2  stm32f10x_it.o(i.SVC_Handler)
    SysTick_CLKSourceConfig                  0x08002dcd   Thumb Code    40  misc.o(i.SysTick_CLKSourceConfig)
    SysTick_Handler                          0x08002df5   Thumb Code     2  stm32f10x_it.o(i.SysTick_Handler)
    SystemInit                               0x08002df9   Thumb Code    78  system_stm32f10x.o(i.SystemInit)
    TIM2_IRQHandler                          0x08002e59   Thumb Code    80  mpu_timer.o(i.TIM2_IRQHandler)
    TIM_ARRPreloadConfig                     0x08002ed1   Thumb Code    24  stm32f10x_tim.o(i.TIM_ARRPreloadConfig)
    TIM_ClearITPendingBit                    0x08002ee9   Thumb Code     6  stm32f10x_tim.o(i.TIM_ClearITPendingBit)
    TIM_Cmd                                  0x08002eef   Thumb Code    24  stm32f10x_tim.o(i.TIM_Cmd)
    TIM_GetITStatus                          0x08002f07   Thumb Code    34  stm32f10x_tim.o(i.TIM_GetITStatus)
    TIM_OC1Init                              0x08002f29   Thumb Code   132  stm32f10x_tim.o(i.TIM_OC1Init)
    TIM_OC1PreloadConfig                     0x08002fc1   Thumb Code    18  stm32f10x_tim.o(i.TIM_OC1PreloadConfig)
    TIM_OC2Init                              0x08002fd5   Thumb Code   154  stm32f10x_tim.o(i.TIM_OC2Init)
    TIM_OC2PreloadConfig                     0x08003079   Thumb Code    26  stm32f10x_tim.o(i.TIM_OC2PreloadConfig)
    TIM_OC3Init                              0x08003095   Thumb Code   150  stm32f10x_tim.o(i.TIM_OC3Init)
    TIM_OC3PreloadConfig                     0x08003135   Thumb Code    18  stm32f10x_tim.o(i.TIM_OC3PreloadConfig)
    TIM_OC4Init                              0x08003149   Thumb Code   114  stm32f10x_tim.o(i.TIM_OC4Init)
    TIM_OC4PreloadConfig                     0x080031c5   Thumb Code    26  stm32f10x_tim.o(i.TIM_OC4PreloadConfig)
    TIM_SetCompare1                          0x080031df   Thumb Code     4  stm32f10x_tim.o(i.TIM_SetCompare1)
    TIM_SetCompare2                          0x080031e3   Thumb Code     4  stm32f10x_tim.o(i.TIM_SetCompare2)
    TIM_SetCompare3                          0x080031e7   Thumb Code     4  stm32f10x_tim.o(i.TIM_SetCompare3)
    TIM_SetCompare4                          0x080031eb   Thumb Code     6  stm32f10x_tim.o(i.TIM_SetCompare4)
    TIM_TimeBaseInit                         0x080031f1   Thumb Code   122  stm32f10x_tim.o(i.TIM_TimeBaseInit)
    USART1_IRQHandler                        0x08003295   Thumb Code   122  usart.o(i.USART1_IRQHandler)
    USART1_Init                              0x0800331d   Thumb Code   152  usart.o(i.USART1_Init)
    USART_Cmd                                0x080033bd   Thumb Code    24  stm32f10x_usart.o(i.USART_Cmd)
    USART_GetFlagStatus                      0x080033d5   Thumb Code    26  stm32f10x_usart.o(i.USART_GetFlagStatus)
    USART_GetITStatus                        0x080033ef   Thumb Code    84  stm32f10x_usart.o(i.USART_GetITStatus)
    USART_ITConfig                           0x08003443   Thumb Code    74  stm32f10x_usart.o(i.USART_ITConfig)
    USART_Init                               0x0800348d   Thumb Code   210  stm32f10x_usart.o(i.USART_Init)
    USART_ReceiveData                        0x08003565   Thumb Code    10  stm32f10x_usart.o(i.USART_ReceiveData)
    USART_SendData                           0x0800356f   Thumb Code     8  stm32f10x_usart.o(i.USART_SendData)
    UsageFault_Handler                       0x08003577   Thumb Code     4  stm32f10x_it.o(i.UsageFault_Handler)
    Wheels_GPIO_Init                         0x0800357d   Thumb Code    38  gpio.o(i.Wheels_GPIO_Init)
    Wheels_PWM_Init                          0x080035a9   Thumb Code   180  pwm.o(i.Wheels_PWM_Init)
    __ARM_fpclassify                         0x08003665   Thumb Code    40  fpclassify.o(i.__ARM_fpclassify)
    __kernel_poly                            0x0800368d   Thumb Code   170  poly.o(i.__kernel_poly)
    __mathlib_dbl_infnan                     0x08003737   Thumb Code     6  dunder.o(i.__mathlib_dbl_infnan)
    __mathlib_dbl_infnan2                    0x0800373d   Thumb Code     4  dunder.o(i.__mathlib_dbl_infnan2)
    __mathlib_dbl_invalid                    0x08003741   Thumb Code    12  dunder.o(i.__mathlib_dbl_invalid)
    __mathlib_dbl_underflow                  0x0800374d   Thumb Code    10  dunder.o(i.__mathlib_dbl_underflow)
    _is_digit                                0x0800375d   Thumb Code    14  __printf_wp.o(i._is_digit)
    _sys_exit                                0x0800376b   Thumb Code     6  usart.o(i._sys_exit)
    asin                                     0x08003819   Thumb Code   572  asin.o(i.asin)
    atan                                     0x08003a89   Thumb Code   474  atan.o(i.atan)
    atan2                                    0x08003ca9   Thumb Code   346  atan2.o(i.atan2)
    delay_init                               0x08003e8d   Thumb Code    50  delay.o(i.delay_init)
    delay_ms                                 0x08003ed1   Thumb Code    72  delay.o(i.delay_ms)
    delay_us                                 0x08003f1d   Thumb Code    72  delay.o(i.delay_us)
    dmp_enable_6x_lp_quat                    0x08003f69   Thumb Code    60  inv_mpu_dmp_motion_driver.o(i.dmp_enable_6x_lp_quat)
    dmp_enable_feature                       0x08003fa5   Thumb Code   530  inv_mpu_dmp_motion_driver.o(i.dmp_enable_feature)
    dmp_enable_gyro_cal                      0x080041c1   Thumb Code    62  inv_mpu_dmp_motion_driver.o(i.dmp_enable_gyro_cal)
    dmp_enable_lp_quat                       0x08004219   Thumb Code    60  inv_mpu_dmp_motion_driver.o(i.dmp_enable_lp_quat)
    dmp_load_motion_driver_firmware          0x08004255   Thumb Code    20  inv_mpu_dmp_motion_driver.o(i.dmp_load_motion_driver_firmware)
    dmp_read_fifo                            0x0800426d   Thumb Code   456  inv_mpu_dmp_motion_driver.o(i.dmp_read_fifo)
    dmp_set_accel_bias                       0x08004439   Thumb Code   300  inv_mpu_dmp_motion_driver.o(i.dmp_set_accel_bias)
    dmp_set_fifo_rate                        0x08004569   Thumb Code    96  inv_mpu_dmp_motion_driver.o(i.dmp_set_fifo_rate)
    dmp_set_gyro_bias                        0x080045d9   Thumb Code   294  inv_mpu_dmp_motion_driver.o(i.dmp_set_gyro_bias)
    dmp_set_orientation                      0x08004709   Thumb Code   290  inv_mpu_dmp_motion_driver.o(i.dmp_set_orientation)
    dmp_set_shake_reject_thresh              0x08004841   Thumb Code    56  inv_mpu_dmp_motion_driver.o(i.dmp_set_shake_reject_thresh)
    dmp_set_shake_reject_time                0x08004879   Thumb Code    38  inv_mpu_dmp_motion_driver.o(i.dmp_set_shake_reject_time)
    dmp_set_shake_reject_timeout             0x0800489f   Thumb Code    38  inv_mpu_dmp_motion_driver.o(i.dmp_set_shake_reject_timeout)
    dmp_set_tap_axes                         0x080048c5   Thumb Code    70  inv_mpu_dmp_motion_driver.o(i.dmp_set_tap_axes)
    dmp_set_tap_count                        0x0800490b   Thumb Code    38  inv_mpu_dmp_motion_driver.o(i.dmp_set_tap_count)
    dmp_set_tap_thresh                       0x08004931   Thumb Code   396  inv_mpu_dmp_motion_driver.o(i.dmp_set_tap_thresh)
    dmp_set_tap_time                         0x08004ad1   Thumb Code    38  inv_mpu_dmp_motion_driver.o(i.dmp_set_tap_time)
    dmp_set_tap_time_multi                   0x08004af7   Thumb Code    38  inv_mpu_dmp_motion_driver.o(i.dmp_set_tap_time_multi)
    fputc                                    0x08004b1d   Thumb Code    24  usart.o(i.fputc)
    i2cRead                                  0x0800516d   Thumb Code   118  iic.o(i.i2cRead)
    i2cWrite                                 0x080051e3   Thumb Code    96  iic.o(i.i2cWrite)
    main                                     0x080052b9   Thumb Code   198  main.o(i.main)
    mpu_configure_fifo                       0x080053b1   Thumb Code   106  inv_mpu.o(i.mpu_configure_fifo)
    mpu_get_accel_fsr                        0x08005421   Thumb Code    72  inv_mpu.o(i.mpu_get_accel_fsr)
    mpu_get_accel_sens                       0x0800546d   Thumb Code    78  inv_mpu.o(i.mpu_get_accel_sens)
    mpu_get_fifo_config                      0x080054c1   Thumb Code    12  inv_mpu.o(i.mpu_get_fifo_config)
    mpu_get_gyro_fsr                         0x080054d1   Thumb Code    64  inv_mpu.o(i.mpu_get_gyro_fsr)
    mpu_get_gyro_sens                        0x08005515   Thumb Code    58  inv_mpu.o(i.mpu_get_gyro_sens)
    mpu_get_lpf                              0x08005565   Thumb Code    74  inv_mpu.o(i.mpu_get_lpf)
    mpu_get_sample_rate                      0x080055b5   Thumb Code    26  inv_mpu.o(i.mpu_get_sample_rate)
    mpu_init                                 0x080055d5   Thumb Code   416  inv_mpu.o(i.mpu_init)
    mpu_load_firmware                        0x080057c5   Thumb Code   180  inv_mpu.o(i.mpu_load_firmware)
    mpu_lp_accel_mode                        0x0800587d   Thumb Code   218  inv_mpu.o(i.mpu_lp_accel_mode)
    mpu_read_fifo_stream                     0x0800595d   Thumb Code   186  inv_mpu.o(i.mpu_read_fifo_stream)
    mpu_read_mem                             0x08005a1d   Thumb Code   122  inv_mpu.o(i.mpu_read_mem)
    mpu_reset_fifo                           0x08005a9d   Thumb Code   438  inv_mpu.o(i.mpu_reset_fifo)
    mpu_run_self_test                        0x08005c59   Thumb Code   278  inv_mpu.o(i.mpu_run_self_test)
    mpu_set_accel_fsr                        0x08005d75   Thumb Code   126  inv_mpu.o(i.mpu_set_accel_fsr)
    mpu_set_bypass                           0x08005df9   Thumb Code   328  inv_mpu.o(i.mpu_set_bypass)
    mpu_set_dmp_state                        0x08005f45   Thumb Code   138  inv_mpu.o(i.mpu_set_dmp_state)
    mpu_set_gyro_fsr                         0x08005fd5   Thumb Code   132  inv_mpu.o(i.mpu_set_gyro_fsr)
    mpu_set_int_latched                      0x0800605d   Thumb Code   102  inv_mpu.o(i.mpu_set_int_latched)
    mpu_set_lpf                              0x080060c9   Thumb Code   126  inv_mpu.o(i.mpu_set_lpf)
    mpu_set_sample_rate                      0x0800614d   Thumb Code   152  inv_mpu.o(i.mpu_set_sample_rate)
    mpu_set_sensors                          0x080061e9   Thumb Code   202  inv_mpu.o(i.mpu_set_sensors)
    mpu_write_mem                            0x080062b9   Thumb Code   122  inv_mpu.o(i.mpu_write_mem)
    myget_ms                                 0x08006339   Thumb Code     2  inv_mpu.o(i.myget_ms)
    sqrt                                     0x08006489   Thumb Code    76  sqrt.o(i.sqrt)
    _get_lc_numeric                          0x080064d5   Thumb Code    44  lc_numeric_c.o(locale$$code)
    _get_lc_ctype                            0x08006501   Thumb Code    44  lc_ctype_c.o(locale$$code)
    __aeabi_d2f                              0x0800652d   Thumb Code     0  d2f.o(x$fpl$d2f)
    _d2f                                     0x0800652d   Thumb Code    98  d2f.o(x$fpl$d2f)
    __aeabi_dadd                             0x08006591   Thumb Code     0  daddsub_clz.o(x$fpl$dadd)
    _dadd                                    0x08006591   Thumb Code   332  daddsub_clz.o(x$fpl$dadd)
    __fpl_dcheck_NaN1                        0x080066e1   Thumb Code    10  dcheck1.o(x$fpl$dcheck1)
    __aeabi_ddiv                             0x080066f1   Thumb Code     0  ddiv.o(x$fpl$ddiv)
    _ddiv                                    0x080066f1   Thumb Code   552  ddiv.o(x$fpl$ddiv)
    __aeabi_dmul                             0x080069a1   Thumb Code     0  dmul.o(x$fpl$dmul)
    _dmul                                    0x080069a1   Thumb Code   332  dmul.o(x$fpl$dmul)
    __fpl_dnaninf                            0x08006af5   Thumb Code   156  dnaninf.o(x$fpl$dnaninf)
    __fpl_dretinf                            0x08006b91   Thumb Code    12  dretinf.o(x$fpl$dretinf)
    __aeabi_drsub                            0x08006b9d   Thumb Code     0  daddsub_clz.o(x$fpl$drsb)
    _drsb                                    0x08006b9d   Thumb Code    22  daddsub_clz.o(x$fpl$drsb)
    _dsqrt                                   0x08006bb5   Thumb Code   456  dsqrt_noumaal.o(x$fpl$dsqrt)
    __aeabi_dsub                             0x08006d81   Thumb Code     0  daddsub_clz.o(x$fpl$dsub)
    _dsub                                    0x08006d81   Thumb Code   464  daddsub_clz.o(x$fpl$dsub)
    __aeabi_f2d                              0x08006f55   Thumb Code     0  f2d.o(x$fpl$f2d)
    _f2d                                     0x08006f55   Thumb Code    86  f2d.o(x$fpl$f2d)
    __aeabi_fadd                             0x08006fad   Thumb Code     0  faddsub_clz.o(x$fpl$fadd)
    _fadd                                    0x08006fad   Thumb Code   196  faddsub_clz.o(x$fpl$fadd)
    __fpl_fcmp_Inf                           0x08007071   Thumb Code    24  fcmpi.o(x$fpl$fcmpinf)
    __aeabi_fdiv                             0x08007089   Thumb Code     0  fdiv.o(x$fpl$fdiv)
    _fdiv                                    0x08007089   Thumb Code   384  fdiv.o(x$fpl$fdiv)
    __aeabi_cfcmpeq                          0x0800720d   Thumb Code     0  feqf.o(x$fpl$feqf)
    _fcmpeq                                  0x0800720d   Thumb Code   104  feqf.o(x$fpl$feqf)
    __aeabi_f2iz                             0x08007275   Thumb Code     0  ffix.o(x$fpl$ffix)
    _ffix                                    0x08007275   Thumb Code    54  ffix.o(x$fpl$ffix)
    __aeabi_f2uiz                            0x080072ad   Thumb Code     0  ffixu.o(x$fpl$ffixu)
    _ffixu                                   0x080072ad   Thumb Code    62  ffixu.o(x$fpl$ffixu)
    __aeabi_i2f                              0x080072ed   Thumb Code     0  fflt_clz.o(x$fpl$fflt)
    _fflt                                    0x080072ed   Thumb Code    48  fflt_clz.o(x$fpl$fflt)
    __aeabi_ui2f                             0x0800731d   Thumb Code     0  fflt_clz.o(x$fpl$ffltu)
    _ffltu                                   0x0800731d   Thumb Code    38  fflt_clz.o(x$fpl$ffltu)
    __aeabi_cfcmple                          0x08007345   Thumb Code     0  fleqf.o(x$fpl$fleqf)
    _fcmple                                  0x08007345   Thumb Code   104  fleqf.o(x$fpl$fleqf)
    __fpl_fcmple_InfNaN                      0x08007397   Thumb Code     0  fleqf.o(x$fpl$fleqf)
    __aeabi_fmul                             0x080073ad   Thumb Code     0  fmul.o(x$fpl$fmul)
    _fmul                                    0x080073ad   Thumb Code   258  fmul.o(x$fpl$fmul)
    __fpl_fnaninf                            0x080074af   Thumb Code   140  fnaninf.o(x$fpl$fnaninf)
    __fpl_fretinf                            0x0800753b   Thumb Code    10  fretinf.o(x$fpl$fretinf)
    __aeabi_cfrcmple                         0x08007545   Thumb Code     0  frleqf.o(x$fpl$frleqf)
    _frcmple                                 0x08007545   Thumb Code    98  frleqf.o(x$fpl$frleqf)
    __aeabi_fsub                             0x080075a9   Thumb Code     0  faddsub_clz.o(x$fpl$fsub)
    _fsub                                    0x080075a9   Thumb Code   234  faddsub_clz.o(x$fpl$fsub)
    _printf_fp_dec                           0x08007693   Thumb Code     4  printf1.o(x$fpl$printf1)
    __fpl_return_NaN                         0x08007697   Thumb Code   100  retnan.o(x$fpl$retnan)
    __ARM_scalbn                             0x080076fb   Thumb Code    92  scalbn.o(x$fpl$scalbn)
    __fpl_cmpreturn                          0x08007757   Thumb Code    48  trapv.o(x$fpl$trapveneer)
    __I$use$fp                               0x08007786   Number         0  usenofp.o(x$fpl$usenofp)
    hw                                       0x0800837c   Data          12  inv_mpu.o(.constdata)
    reg                                      0x08008388   Data          27  inv_mpu.o(.constdata)
    test                                     0x080083a4   Data          40  inv_mpu.o(.constdata)
    asc2_1206                                0x080083cc   Data        1140  oled.o(.constdata)
    asc2_1608                                0x08008840   Data        1520  oled.o(.constdata)
    asc2_2412                                0x08008e30   Data        3420  oled.o(.constdata)
    __mathlib_zero                           0x08009cb8   Data           8  qnan.o(.constdata)
    Region$$Table$$Base                      0x08009da4   Number         0  anon$$obj.o(Region$$Table)
    Region$$Table$$Limit                     0x08009dc4   Number         0  anon$$obj.o(Region$$Table)
    __ctype                                  0x08009ded   Data           0  lc_ctype_c.o(locale$$data)
    Pitch                                    0x20000000   Data           4  main.o(.data)
    Roll                                     0x20000004   Data           4  main.o(.data)
    Yaw                                      0x20000008   Data           4  main.o(.data)
    SystemCoreClock                          0x2000000c   Data           4  system_stm32f10x.o(.data)
    AHBPrescTable                            0x20000010   Data          16  system_stm32f10x.o(.data)
    __stdout                                 0x20000038   Data           4  usart.o(.data)
    USART_RX_STA                             0x2000003c   Data           2  usart.o(.data)
    gyro                                     0x20000040   Data           6  mpu6050.o(.data)
    accel                                    0x20000046   Data           6  mpu6050.o(.data)
    sensors                                  0x2000004c   Data           2  mpu6050.o(.data)
    q0                                       0x20000050   Data           4  mpu6050.o(.data)
    q1                                       0x20000054   Data           4  mpu6050.o(.data)
    q2                                       0x20000058   Data           4  mpu6050.o(.data)
    q3                                       0x2000005c   Data           4  mpu6050.o(.data)
    Gx_offset                                0x2000006a   Data           2  mpu6050.o(.data)
    Gy_offset                                0x2000006c   Data           2  mpu6050.o(.data)
    Gz_offset                                0x2000006e   Data           2  mpu6050.o(.data)
    str                                      0x2000009c   Data          20  main.o(.bss)
    arr                                      0x200000b0   Data          20  main.o(.bss)
    USART_RX_BUF                             0x200000c4   Data          20  usart.o(.bss)
    OLED_GRAM                                0x200000e8   Data        1024  oled.o(.bss)
    __libspace_start                         0x200004e8   Data          96  libspace.o(.bss)
    __temporary_stack_top$libspace           0x20000548   Data           0  libspace.o(.bss)



==============================================================================

Memory Map of the image

  Image Entry point : 0x080000ed

  Load Region LR_IROM1 (Base: 0x08000000, Size: 0x00009f8c, Max: 0x00010000, ABSOLUTE)

    Execution Region ER_IROM1 (Base: 0x08000000, Size: 0x00009ef0, Max: 0x00010000, ABSOLUTE)

    Base Addr    Size         Type   Attr      Idx    E Section Name        Object

    0x08000000   0x000000ec   Data   RO          369    RESET               startup_stm32f10x_md.o
    0x080000ec   0x00000008   Code   RO         4586  * !!!main             c_w.l(__main.o)
    0x080000f4   0x00000034   Code   RO         5020    !!!scatter          c_w.l(__scatter.o)
    0x08000128   0x0000001a   Code   RO         5022    !!handler_copy      c_w.l(__scatter_copy.o)
    0x08000142   0x00000002   PAD
    0x08000144   0x0000001c   Code   RO         5024    !!handler_zi        c_w.l(__scatter_zi.o)
    0x08000160   0x00000000   Code   RO         4577    .ARM.Collect$$_printf_percent$$00000000  c_w.l(_printf_percent.o)
    0x08000160   0x00000006   Code   RO         4710    .ARM.Collect$$_printf_percent$$00000001  c_w.l(_printf_n.o)
    0x08000166   0x00000006   Code   RO         4712    .ARM.Collect$$_printf_percent$$00000002  c_w.l(_printf_p.o)
    0x0800016c   0x00000006   Code   RO         4576    .ARM.Collect$$_printf_percent$$00000003  c_w.l(_printf_f.o)
    0x08000172   0x00000006   Code   RO         4716    .ARM.Collect$$_printf_percent$$00000004  c_w.l(_printf_e.o)
    0x08000178   0x00000006   Code   RO         4717    .ARM.Collect$$_printf_percent$$00000005  c_w.l(_printf_g.o)
    0x0800017e   0x00000006   Code   RO         4718    .ARM.Collect$$_printf_percent$$00000006  c_w.l(_printf_a.o)
    0x08000184   0x0000000a   Code   RO         4723    .ARM.Collect$$_printf_percent$$00000007  c_w.l(_printf_ll.o)
    0x0800018e   0x00000006   Code   RO         4714    .ARM.Collect$$_printf_percent$$00000008  c_w.l(_printf_i.o)
    0x08000194   0x00000006   Code   RO         4575    .ARM.Collect$$_printf_percent$$00000009  c_w.l(_printf_d.o)
    0x0800019a   0x00000006   Code   RO         4715    .ARM.Collect$$_printf_percent$$0000000A  c_w.l(_printf_u.o)
    0x080001a0   0x00000006   Code   RO         4713    .ARM.Collect$$_printf_percent$$0000000B  c_w.l(_printf_o.o)
    0x080001a6   0x00000006   Code   RO         4711    .ARM.Collect$$_printf_percent$$0000000C  c_w.l(_printf_x.o)
    0x080001ac   0x00000006   Code   RO         4720    .ARM.Collect$$_printf_percent$$0000000D  c_w.l(_printf_lli.o)
    0x080001b2   0x00000006   Code   RO         4721    .ARM.Collect$$_printf_percent$$0000000E  c_w.l(_printf_lld.o)
    0x080001b8   0x00000006   Code   RO         4722    .ARM.Collect$$_printf_percent$$0000000F  c_w.l(_printf_llu.o)
    0x080001be   0x00000006   Code   RO         4727    .ARM.Collect$$_printf_percent$$00000010  c_w.l(_printf_llo.o)
    0x080001c4   0x00000006   Code   RO         4728    .ARM.Collect$$_printf_percent$$00000011  c_w.l(_printf_llx.o)
    0x080001ca   0x0000000a   Code   RO         4724    .ARM.Collect$$_printf_percent$$00000012  c_w.l(_printf_l.o)
    0x080001d4   0x00000006   Code   RO         4574    .ARM.Collect$$_printf_percent$$00000013  c_w.l(_printf_c.o)
    0x080001da   0x00000006   Code   RO         4709    .ARM.Collect$$_printf_percent$$00000014  c_w.l(_printf_s.o)
    0x080001e0   0x00000006   Code   RO         4725    .ARM.Collect$$_printf_percent$$00000015  c_w.l(_printf_lc.o)
    0x080001e6   0x00000006   Code   RO         4726    .ARM.Collect$$_printf_percent$$00000016  c_w.l(_printf_ls.o)
    0x080001ec   0x00000004   Code   RO         4719    .ARM.Collect$$_printf_percent$$00000017  c_w.l(_printf_percent_end.o)
    0x080001f0   0x00000002   Code   RO         4884    .ARM.Collect$$libinit$$00000000  c_w.l(libinit.o)
    0x080001f2   0x00000000   Code   RO         4886    .ARM.Collect$$libinit$$00000002  c_w.l(libinit2.o)
    0x080001f2   0x00000000   Code   RO         4888    .ARM.Collect$$libinit$$00000004  c_w.l(libinit2.o)
    0x080001f2   0x00000000   Code   RO         4891    .ARM.Collect$$libinit$$0000000A  c_w.l(libinit2.o)
    0x080001f2   0x00000000   Code   RO         4893    .ARM.Collect$$libinit$$0000000C  c_w.l(libinit2.o)
    0x080001f2   0x00000000   Code   RO         4895    .ARM.Collect$$libinit$$0000000E  c_w.l(libinit2.o)
    0x080001f2   0x00000006   Code   RO         4896    .ARM.Collect$$libinit$$0000000F  c_w.l(libinit2.o)
    0x080001f8   0x00000000   Code   RO         4898    .ARM.Collect$$libinit$$00000011  c_w.l(libinit2.o)
    0x080001f8   0x0000000c   Code   RO         4899    .ARM.Collect$$libinit$$00000012  c_w.l(libinit2.o)
    0x08000204   0x00000000   Code   RO         4900    .ARM.Collect$$libinit$$00000013  c_w.l(libinit2.o)
    0x08000204   0x00000000   Code   RO         4902    .ARM.Collect$$libinit$$00000015  c_w.l(libinit2.o)
    0x08000204   0x0000000a   Code   RO         4903    .ARM.Collect$$libinit$$00000016  c_w.l(libinit2.o)
    0x0800020e   0x00000000   Code   RO         4904    .ARM.Collect$$libinit$$00000017  c_w.l(libinit2.o)
    0x0800020e   0x00000000   Code   RO         4906    .ARM.Collect$$libinit$$00000019  c_w.l(libinit2.o)
    0x0800020e   0x00000000   Code   RO         4908    .ARM.Collect$$libinit$$0000001B  c_w.l(libinit2.o)
    0x0800020e   0x00000000   Code   RO         4910    .ARM.Collect$$libinit$$0000001D  c_w.l(libinit2.o)
    0x0800020e   0x00000000   Code   RO         4912    .ARM.Collect$$libinit$$0000001F  c_w.l(libinit2.o)
    0x0800020e   0x00000000   Code   RO         4914    .ARM.Collect$$libinit$$00000021  c_w.l(libinit2.o)
    0x0800020e   0x00000000   Code   RO         4916    .ARM.Collect$$libinit$$00000023  c_w.l(libinit2.o)
    0x0800020e   0x00000000   Code   RO         4918    .ARM.Collect$$libinit$$00000025  c_w.l(libinit2.o)
    0x0800020e   0x00000000   Code   RO         4922    .ARM.Collect$$libinit$$0000002C  c_w.l(libinit2.o)
    0x0800020e   0x00000000   Code   RO         4924    .ARM.Collect$$libinit$$0000002E  c_w.l(libinit2.o)
    0x0800020e   0x00000000   Code   RO         4926    .ARM.Collect$$libinit$$00000030  c_w.l(libinit2.o)
    0x0800020e   0x00000000   Code   RO         4928    .ARM.Collect$$libinit$$00000032  c_w.l(libinit2.o)
    0x0800020e   0x00000002   Code   RO         4929    .ARM.Collect$$libinit$$00000033  c_w.l(libinit2.o)
    0x08000210   0x00000002   Code   RO         4980    .ARM.Collect$$libshutdown$$00000000  c_w.l(libshutdown.o)
    0x08000212   0x00000000   Code   RO         4989    .ARM.Collect$$libshutdown$$00000002  c_w.l(libshutdown2.o)
    0x08000212   0x00000000   Code   RO         4991    .ARM.Collect$$libshutdown$$00000004  c_w.l(libshutdown2.o)
    0x08000212   0x00000000   Code   RO         4994    .ARM.Collect$$libshutdown$$00000007  c_w.l(libshutdown2.o)
    0x08000212   0x00000000   Code   RO         4997    .ARM.Collect$$libshutdown$$0000000A  c_w.l(libshutdown2.o)
    0x08000212   0x00000000   Code   RO         4999    .ARM.Collect$$libshutdown$$0000000C  c_w.l(libshutdown2.o)
    0x08000212   0x00000000   Code   RO         5002    .ARM.Collect$$libshutdown$$0000000F  c_w.l(libshutdown2.o)
    0x08000212   0x00000002   Code   RO         5003    .ARM.Collect$$libshutdown$$00000010  c_w.l(libshutdown2.o)
    0x08000214   0x00000000   Code   RO         4654    .ARM.Collect$$rtentry$$00000000  c_w.l(__rtentry.o)
    0x08000214   0x00000000   Code   RO         4786    .ARM.Collect$$rtentry$$00000002  c_w.l(__rtentry2.o)
    0x08000214   0x00000006   Code   RO         4798    .ARM.Collect$$rtentry$$00000004  c_w.l(__rtentry4.o)
    0x0800021a   0x00000000   Code   RO         4788    .ARM.Collect$$rtentry$$00000009  c_w.l(__rtentry2.o)
    0x0800021a   0x00000004   Code   RO         4789    .ARM.Collect$$rtentry$$0000000A  c_w.l(__rtentry2.o)
    0x0800021e   0x00000000   Code   RO         4791    .ARM.Collect$$rtentry$$0000000C  c_w.l(__rtentry2.o)
    0x0800021e   0x00000008   Code   RO         4792    .ARM.Collect$$rtentry$$0000000D  c_w.l(__rtentry2.o)
    0x08000226   0x00000002   Code   RO         4934    .ARM.Collect$$rtexit$$00000000  c_w.l(rtexit.o)
    0x08000228   0x00000000   Code   RO         4950    .ARM.Collect$$rtexit$$00000002  c_w.l(rtexit2.o)
    0x08000228   0x00000004   Code   RO         4951    .ARM.Collect$$rtexit$$00000003  c_w.l(rtexit2.o)
    0x0800022c   0x00000006   Code   RO         4952    .ARM.Collect$$rtexit$$00000004  c_w.l(rtexit2.o)
    0x08000232   0x00000002   PAD
    0x08000234   0x00000040   Code   RO          370    .text               startup_stm32f10x_md.o
    0x08000274   0x00000002   Code   RO         4534    .text               c_w.l(use_no_semi_2.o)
    0x08000276   0x00000048   Code   RO         4536    .text               c_w.l(llsdiv.o)
    0x080002be   0x00000002   PAD
    0x080002c0   0x00000018   Code   RO         4538    .text               c_w.l(c89printf.o)
    0x080002d8   0x00000018   Code   RO         4540    .text               c_w.l(__2printf.o)
    0x080002f0   0x0000002c   Code   RO         4542    .text               c_w.l(__2sprintf.o)
    0x0800031c   0x00000052   Code   RO         4550    .text               c_w.l(_printf_str.o)
    0x0800036e   0x00000002   PAD
    0x08000370   0x00000078   Code   RO         4552    .text               c_w.l(_printf_dec.o)
    0x080003e8   0x00000188   Code   RO         4571    .text               c_w.l(__printf_flags_ss_wp.o)
    0x08000570   0x00000058   Code   RO         4578    .text               c_w.l(memcmp.o)
    0x080005c8   0x00000048   Code   RO         4580    .text               c_w.l(strcpy.o)
    0x08000610   0x00000010   Code   RO         4582    .text               c_w.l(aeabi_memset.o)
    0x08000620   0x00000006   Code   RO         4584    .text               c_w.l(heapauxi.o)
    0x08000626   0x00000002   Code   RO         4652    .text               c_w.l(use_no_semi.o)
    0x08000628   0x000000ee   Code   RO         4655    .text               c_w.l(lludivv7m.o)
    0x08000716   0x00000016   Code   RO         4657    .text               c_w.l(_rserrno.o)
    0x0800072c   0x0000004e   Code   RO         4659    .text               c_w.l(_printf_pad.o)
    0x0800077a   0x00000024   Code   RO         4661    .text               c_w.l(_printf_truncate.o)
    0x0800079e   0x000000b2   Code   RO         4663    .text               c_w.l(_printf_intcommon.o)
    0x08000850   0x00000028   Code   RO         4665    .text               c_w.l(_printf_charcount.o)
    0x08000878   0x0000041a   Code   RO         4667    .text               c_w.l(_printf_fp_dec.o)
    0x08000c92   0x00000002   PAD
    0x08000c94   0x00000030   Code   RO         4669    .text               c_w.l(_printf_char_common.o)
    0x08000cc4   0x0000000a   Code   RO         4671    .text               c_w.l(_sputc.o)
    0x08000cce   0x0000002c   Code   RO         4673    .text               c_w.l(_printf_char.o)
    0x08000cfa   0x00000002   PAD
    0x08000cfc   0x00000024   Code   RO         4675    .text               c_w.l(_printf_char_file.o)
    0x08000d20   0x000000bc   Code   RO         4677    .text               c_w.l(_printf_wctomb.o)
    0x08000ddc   0x0000007c   Code   RO         4680    .text               c_w.l(_printf_longlong_dec.o)
    0x08000e58   0x00000070   Code   RO         4686    .text               c_w.l(_printf_oct_int_ll.o)
    0x08000ec8   0x00000094   Code   RO         4706    .text               c_w.l(_printf_hex_int_ll_ptr.o)
    0x08000f5c   0x00000044   Code   RO         4729    .text               c_w.l(rt_memclr.o)
    0x08000fa0   0x00000008   Code   RO         4807    .text               c_w.l(rt_locale_intlibspace.o)
    0x08000fa8   0x00000008   Code   RO         4812    .text               c_w.l(rt_errno_addr_intlibspace.o)
    0x08000fb0   0x0000008a   Code   RO         4814    .text               c_w.l(lludiv10.o)
    0x0800103a   0x00000002   PAD
    0x0800103c   0x00000080   Code   RO         4816    .text               c_w.l(_printf_fp_infnan.o)
    0x080010bc   0x0000002c   Code   RO         4820    .text               c_w.l(_printf_wchar.o)
    0x080010e8   0x000000dc   Code   RO         4822    .text               c_w.l(bigflt0.o)
    0x080011c4   0x00000008   Code   RO         4847    .text               c_w.l(ferror.o)
    0x080011cc   0x00000040   Code   RO         4851    .text               c_w.l(_wcrtomb.o)
    0x0800120c   0x0000004e   Code   RO         4856    .text               c_w.l(rt_memclr_w.o)
    0x0800125a   0x00000002   PAD
    0x0800125c   0x00000008   Code   RO         4866    .text               c_w.l(libspace.o)
    0x08001264   0x0000004a   Code   RO         4869    .text               c_w.l(sys_stackheap_outer.o)
    0x080012ae   0x00000002   PAD
    0x080012b0   0x00000010   Code   RO         4871    .text               c_w.l(rt_ctype_table.o)
    0x080012c0   0x00000012   Code   RO         4875    .text               c_w.l(exit.o)
    0x080012d2   0x00000002   PAD
    0x080012d4   0x00000080   Code   RO         4877    .text               c_w.l(strcmpv7m.o)
    0x08001354   0x0000003e   Code   RO         4825    CL$$btod_d2e        c_w.l(btod.o)
    0x08001392   0x00000046   Code   RO         4827    CL$$btod_d2e_denorm_low  c_w.l(btod.o)
    0x080013d8   0x00000060   Code   RO         4826    CL$$btod_d2e_norm_op1  c_w.l(btod.o)
    0x08001438   0x00000338   Code   RO         4835    CL$$btod_div_common  c_w.l(btod.o)
    0x08001770   0x000000c6   Code   RO         4832    CL$$btod_e2e        c_w.l(btod.o)
    0x08001836   0x00000028   Code   RO         4829    CL$$btod_ediv       c_w.l(btod.o)
    0x0800185e   0x00000028   Code   RO         4828    CL$$btod_emul       c_w.l(btod.o)
    0x08001886   0x00000244   Code   RO         4834    CL$$btod_mult_common  c_w.l(btod.o)
    0x08001aca   0x00000012   Code   RO            1    i.Arr_Clear         main.o
    0x08001adc   0x00000004   Code   RO          187    i.BusFault_Handler  stm32f10x_it.o
    0x08001ae0   0x00000210   Code   RO         3592    i.DMP_Init          mpu6050.o
    0x08001cf0   0x00000002   Code   RO          188    i.DebugMon_Handler  stm32f10x_it.o
    0x08001cf2   0x00000116   Code   RO         1562    i.GPIO_Init         stm32f10x_gpio.o
    0x08001e08   0x00000004   Code   RO         1570    i.GPIO_SetBits      stm32f10x_gpio.o
    0x08001e0c   0x00000088   Code   RO            3    i.Get_Message       main.o
    0x08001e94   0x00000004   Code   RO          189    i.HardFault_Handler  stm32f10x_it.o
    0x08001e98   0x00000046   Code   RO         3807    i.I2C_ReadOneByte   iic.o
    0x08001ede   0x00000002   PAD
    0x08001ee0   0x0000004c   Code   RO         3808    i.IIC_Ack           iic.o
    0x08001f2c   0x0000000a   Code   RO         3809    i.IIC_Delay         iic.o
    0x08001f36   0x00000002   PAD
    0x08001f38   0x00000038   Code   RO         3810    i.IIC_Init          iic.o
    0x08001f70   0x0000004c   Code   RO         3811    i.IIC_NAck          iic.o
    0x08001fbc   0x0000006c   Code   RO         3812    i.IIC_Read_Byte     iic.o
    0x08002028   0x00000070   Code   RO         3813    i.IIC_Send_Byte     iic.o
    0x08002098   0x00000068   Code   RO         3814    i.IIC_Start         iic.o
    0x08002100   0x00000048   Code   RO         3815    i.IIC_Stop          iic.o
    0x08002148   0x00000068   Code   RO         3816    i.IIC_Wait_Ack      iic.o
    0x080021b0   0x00000016   Code   RO         3817    i.IICreadByte       iic.o
    0x080021c6   0x00000040   Code   RO         3819    i.IICwriteBit       iic.o
    0x08002206   0x0000006a   Code   RO         3820    i.IICwriteBits      iic.o
    0x08002270   0x00000014   Code   RO         3821    i.IICwriteByte      iic.o
    0x08002284   0x00000046   Code   RO         3822    i.IICwriteBytes     iic.o
    0x080022ca   0x00000002   PAD
    0x080022cc   0x0000002c   Code   RO         3566    i.LED_GPIO_Init     gpio.o
    0x080022f8   0x00000028   Code   RO         3595    i.MPU6050_initialize  mpu6050.o
    0x08002320   0x00000014   Code   RO         3597    i.MPU6050_setClockSource  mpu6050.o
    0x08002334   0x00000014   Code   RO         3598    i.MPU6050_setFullScaleAccelRange  mpu6050.o
    0x08002348   0x00000014   Code   RO         3599    i.MPU6050_setFullScaleGyroRange  mpu6050.o
    0x0800235c   0x00000012   Code   RO         3600    i.MPU6050_setI2CBypassEnabled  mpu6050.o
    0x0800236e   0x00000012   Code   RO         3601    i.MPU6050_setI2CMasterModeEnabled  mpu6050.o
    0x08002380   0x00000012   Code   RO         3602    i.MPU6050_setSleepEnabled  mpu6050.o
    0x08002392   0x00000004   Code   RO          190    i.MemManage_Handler  stm32f10x_it.o
    0x08002396   0x00000002   PAD
    0x08002398   0x000000b8   Code   RO            4    i.Message_Handler   main.o
    0x08002450   0x00000002   Code   RO          191    i.NMI_Handler       stm32f10x_it.o
    0x08002452   0x00000002   PAD
    0x08002454   0x00000070   Code   RO          385    i.NVIC_Init         misc.o
    0x080024c4   0x00000014   Code   RO          386    i.NVIC_PriorityGroupConfig  misc.o
    0x080024d8   0x00000030   Code   RO         4441    i.OLED_Clear        oled.o
    0x08002508   0x000000a4   Code   RO            5    i.OLED_Display      main.o
    0x080025ac   0x00000068   Code   RO         4444    i.OLED_DrawPoint    oled.o
    0x08002614   0x0000013c   Code   RO         4446    i.OLED_Init         oled.o
    0x08002750   0x0000004c   Code   RO         4447    i.OLED_Refresh_Gram  oled.o
    0x0800279c   0x0000010c   Code   RO         4448    i.OLED_ShowChar     oled.o
    0x080028a8   0x0000005e   Code   RO         4450    i.OLED_ShowString   oled.o
    0x08002906   0x00000002   PAD
    0x08002908   0x00000064   Code   RO         4451    i.OLED_WR_Byte      oled.o
    0x0800296c   0x00000002   Code   RO          192    i.PendSV_Handler    stm32f10x_it.o
    0x0800296e   0x00000002   PAD
    0x08002970   0x00000020   Code   RO         1978    i.RCC_APB1PeriphClockCmd  stm32f10x_rcc.o
    0x08002990   0x00000020   Code   RO         1980    i.RCC_APB2PeriphClockCmd  stm32f10x_rcc.o
    0x080029b0   0x000000d4   Code   RO         1988    i.RCC_GetClocksFreq  stm32f10x_rcc.o
    0x08002a84   0x0000025c   Code   RO         3604    i.Read_DMP          mpu6050.o
    0x08002ce0   0x00000002   Code   RO          193    i.SVC_Handler       stm32f10x_it.o
    0x08002ce2   0x00000008   Code   RO          333    i.SetSysClock       system_stm32f10x.o
    0x08002cea   0x00000002   PAD
    0x08002cec   0x000000e0   Code   RO          334    i.SetSysClockTo72   system_stm32f10x.o
    0x08002dcc   0x00000028   Code   RO          389    i.SysTick_CLKSourceConfig  misc.o
    0x08002df4   0x00000002   Code   RO          194    i.SysTick_Handler   stm32f10x_it.o
    0x08002df6   0x00000002   PAD
    0x08002df8   0x00000060   Code   RO          336    i.SystemInit        system_stm32f10x.o
    0x08002e58   0x00000078   Code   RO         4416    i.TIM2_IRQHandler   mpu_timer.o
    0x08002ed0   0x00000018   Code   RO         2600    i.TIM_ARRPreloadConfig  stm32f10x_tim.o
    0x08002ee8   0x00000006   Code   RO         2607    i.TIM_ClearITPendingBit  stm32f10x_tim.o
    0x08002eee   0x00000018   Code   RO         2612    i.TIM_Cmd           stm32f10x_tim.o
    0x08002f06   0x00000022   Code   RO         2633    i.TIM_GetITStatus   stm32f10x_tim.o
    0x08002f28   0x00000098   Code   RO         2641    i.TIM_OC1Init       stm32f10x_tim.o
    0x08002fc0   0x00000012   Code   RO         2644    i.TIM_OC1PreloadConfig  stm32f10x_tim.o
    0x08002fd2   0x00000002   PAD
    0x08002fd4   0x000000a4   Code   RO         2646    i.TIM_OC2Init       stm32f10x_tim.o
    0x08003078   0x0000001a   Code   RO         2649    i.TIM_OC2PreloadConfig  stm32f10x_tim.o
    0x08003092   0x00000002   PAD
    0x08003094   0x000000a0   Code   RO         2651    i.TIM_OC3Init       stm32f10x_tim.o
    0x08003134   0x00000012   Code   RO         2654    i.TIM_OC3PreloadConfig  stm32f10x_tim.o
    0x08003146   0x00000002   PAD
    0x08003148   0x0000007c   Code   RO         2656    i.TIM_OC4Init       stm32f10x_tim.o
    0x080031c4   0x0000001a   Code   RO         2658    i.TIM_OC4PreloadConfig  stm32f10x_tim.o
    0x080031de   0x00000004   Code   RO         2673    i.TIM_SetCompare1   stm32f10x_tim.o
    0x080031e2   0x00000004   Code   RO         2674    i.TIM_SetCompare2   stm32f10x_tim.o
    0x080031e6   0x00000004   Code   RO         2675    i.TIM_SetCompare3   stm32f10x_tim.o
    0x080031ea   0x00000006   Code   RO         2676    i.TIM_SetCompare4   stm32f10x_tim.o
    0x080031f0   0x000000a4   Code   RO         2683    i.TIM_TimeBaseInit  stm32f10x_tim.o
    0x08003294   0x00000088   Code   RO         3438    i.USART1_IRQHandler  usart.o
    0x0800331c   0x000000a0   Code   RO         3439    i.USART1_Init       usart.o
    0x080033bc   0x00000018   Code   RO         3148    i.USART_Cmd         stm32f10x_usart.o
    0x080033d4   0x0000001a   Code   RO         3151    i.USART_GetFlagStatus  stm32f10x_usart.o
    0x080033ee   0x00000054   Code   RO         3152    i.USART_GetITStatus  stm32f10x_usart.o
    0x08003442   0x0000004a   Code   RO         3154    i.USART_ITConfig    stm32f10x_usart.o
    0x0800348c   0x000000d8   Code   RO         3155    i.USART_Init        stm32f10x_usart.o
    0x08003564   0x0000000a   Code   RO         3162    i.USART_ReceiveData  stm32f10x_usart.o
    0x0800356e   0x00000008   Code   RO         3165    i.USART_SendData    stm32f10x_usart.o
    0x08003576   0x00000004   Code   RO          195    i.UsageFault_Handler  stm32f10x_it.o
    0x0800357a   0x00000002   PAD
    0x0800357c   0x0000002c   Code   RO         3567    i.Wheels_GPIO_Init  gpio.o
    0x080035a8   0x000000bc   Code   RO         3550    i.Wheels_PWM_Init   pwm.o
    0x08003664   0x00000028   Code   RO         4772    i.__ARM_fpclassify  m_ws.l(fpclassify.o)
    0x0800368c   0x000000aa   Code   RO         4774    i.__kernel_poly     m_ws.l(poly.o)
    0x08003736   0x00000006   Code   RO         4759    i.__mathlib_dbl_infnan  m_ws.l(dunder.o)
    0x0800373c   0x00000004   Code   RO         4760    i.__mathlib_dbl_infnan2  m_ws.l(dunder.o)
    0x08003740   0x0000000c   Code   RO         4761    i.__mathlib_dbl_invalid  m_ws.l(dunder.o)
    0x0800374c   0x00000010   Code   RO         4764    i.__mathlib_dbl_underflow  m_ws.l(dunder.o)
    0x0800375c   0x0000000e   Code   RO         4564    i._is_digit         c_w.l(__printf_wp.o)
    0x0800376a   0x00000006   Code   RO         3440    i._sys_exit         usart.o
    0x08003770   0x000000a8   Code   RO         4115    i.accel_self_test   inv_mpu.o
    0x08003818   0x00000270   Code   RO         4635    i.asin              m_ws.l(asin.o)
    0x08003a88   0x00000220   Code   RO         4749    i.atan              m_ws.l(atan.o)
    0x08003ca8   0x00000180   Code   RO         4645    i.atan2             m_ws.l(atan2.o)
    0x08003e28   0x00000064   Code   RO         3924    i.decode_gesture    inv_mpu_dmp_motion_driver.o
    0x08003e8c   0x00000044   Code   RO         3378    i.delay_init        delay.o
    0x08003ed0   0x0000004c   Code   RO         3379    i.delay_ms          delay.o
    0x08003f1c   0x0000004c   Code   RO         3380    i.delay_us          delay.o
    0x08003f68   0x0000003c   Code   RO         3925    i.dmp_enable_6x_lp_quat  inv_mpu_dmp_motion_driver.o
    0x08003fa4   0x0000021c   Code   RO         3926    i.dmp_enable_feature  inv_mpu_dmp_motion_driver.o
    0x080041c0   0x00000058   Code   RO         3927    i.dmp_enable_gyro_cal  inv_mpu_dmp_motion_driver.o
    0x08004218   0x0000003c   Code   RO         3928    i.dmp_enable_lp_quat  inv_mpu_dmp_motion_driver.o
    0x08004254   0x00000018   Code   RO         3933    i.dmp_load_motion_driver_firmware  inv_mpu_dmp_motion_driver.o
    0x0800426c   0x000001cc   Code   RO         3934    i.dmp_read_fifo     inv_mpu_dmp_motion_driver.o
    0x08004438   0x00000130   Code   RO         3937    i.dmp_set_accel_bias  inv_mpu_dmp_motion_driver.o
    0x08004568   0x00000070   Code   RO         3938    i.dmp_set_fifo_rate  inv_mpu_dmp_motion_driver.o
    0x080045d8   0x00000130   Code   RO         3939    i.dmp_set_gyro_bias  inv_mpu_dmp_motion_driver.o
    0x08004708   0x00000138   Code   RO         3941    i.dmp_set_orientation  inv_mpu_dmp_motion_driver.o
    0x08004840   0x00000038   Code   RO         3944    i.dmp_set_shake_reject_thresh  inv_mpu_dmp_motion_driver.o
    0x08004878   0x00000026   Code   RO         3945    i.dmp_set_shake_reject_time  inv_mpu_dmp_motion_driver.o
    0x0800489e   0x00000026   Code   RO         3946    i.dmp_set_shake_reject_timeout  inv_mpu_dmp_motion_driver.o
    0x080048c4   0x00000046   Code   RO         3947    i.dmp_set_tap_axes  inv_mpu_dmp_motion_driver.o
    0x0800490a   0x00000026   Code   RO         3948    i.dmp_set_tap_count  inv_mpu_dmp_motion_driver.o
    0x08004930   0x000001a0   Code   RO         3949    i.dmp_set_tap_thresh  inv_mpu_dmp_motion_driver.o
    0x08004ad0   0x00000026   Code   RO         3950    i.dmp_set_tap_time  inv_mpu_dmp_motion_driver.o
    0x08004af6   0x00000026   Code   RO         3951    i.dmp_set_tap_time_multi  inv_mpu_dmp_motion_driver.o
    0x08004b1c   0x0000001c   Code   RO         3441    i.fputc             usart.o
    0x08004b38   0x000000b4   Code   RO         4116    i.get_accel_prod_shift  inv_mpu.o
    0x08004bec   0x00000470   Code   RO         4117    i.get_st_biases     inv_mpu.o
    0x0800505c   0x00000110   Code   RO         4118    i.gyro_self_test    inv_mpu.o
    0x0800516c   0x00000076   Code   RO         3823    i.i2cRead           iic.o
    0x080051e2   0x00000060   Code   RO         3824    i.i2cWrite          iic.o
    0x08005242   0x00000028   Code   RO         3606    i.inv_orientation_matrix_to_scalar  mpu6050.o
    0x0800526a   0x0000004e   Code   RO         3607    i.inv_row_2_scale   mpu6050.o
    0x080052b8   0x000000f8   Code   RO            6    i.main              main.o
    0x080053b0   0x00000070   Code   RO         4119    i.mpu_configure_fifo  inv_mpu.o
    0x08005420   0x0000004c   Code   RO         4120    i.mpu_get_accel_fsr  inv_mpu.o
    0x0800546c   0x00000054   Code   RO         4122    i.mpu_get_accel_sens  inv_mpu.o
    0x080054c0   0x00000010   Code   RO         4127    i.mpu_get_fifo_config  inv_mpu.o
    0x080054d0   0x00000044   Code   RO         4128    i.mpu_get_gyro_fsr  inv_mpu.o
    0x08005514   0x00000050   Code   RO         4130    i.mpu_get_gyro_sens  inv_mpu.o
    0x08005564   0x00000050   Code   RO         4132    i.mpu_get_lpf       inv_mpu.o
    0x080055b4   0x00000020   Code   RO         4134    i.mpu_get_sample_rate  inv_mpu.o
    0x080055d4   0x000001f0   Code   RO         4136    i.mpu_init          inv_mpu.o
    0x080057c4   0x000000b8   Code   RO         4137    i.mpu_load_firmware  inv_mpu.o
    0x0800587c   0x000000e0   Code   RO         4138    i.mpu_lp_accel_mode  inv_mpu.o
    0x0800595c   0x000000c0   Code   RO         4141    i.mpu_read_fifo_stream  inv_mpu.o
    0x08005a1c   0x00000080   Code   RO         4142    i.mpu_read_mem      inv_mpu.o
    0x08005a9c   0x000001bc   Code   RO         4145    i.mpu_reset_fifo    inv_mpu.o
    0x08005c58   0x0000011c   Code   RO         4146    i.mpu_run_self_test  inv_mpu.o
    0x08005d74   0x00000084   Code   RO         4148    i.mpu_set_accel_fsr  inv_mpu.o
    0x08005df8   0x0000014c   Code   RO         4149    i.mpu_set_bypass    inv_mpu.o
    0x08005f44   0x00000090   Code   RO         4151    i.mpu_set_dmp_state  inv_mpu.o
    0x08005fd4   0x00000088   Code   RO         4152    i.mpu_set_gyro_fsr  inv_mpu.o
    0x0800605c   0x0000006c   Code   RO         4153    i.mpu_set_int_latched  inv_mpu.o
    0x080060c8   0x00000084   Code   RO         4155    i.mpu_set_lpf       inv_mpu.o
    0x0800614c   0x0000009c   Code   RO         4156    i.mpu_set_sample_rate  inv_mpu.o
    0x080061e8   0x000000d0   Code   RO         4157    i.mpu_set_sensors   inv_mpu.o
    0x080062b8   0x00000080   Code   RO         4158    i.mpu_write_mem     inv_mpu.o
    0x08006338   0x00000002   Code   RO         4159    i.myget_ms          inv_mpu.o
    0x0800633a   0x00000002   PAD
    0x0800633c   0x000000bc   Code   RO         3608    i.run_self_test     mpu6050.o
    0x080063f8   0x00000090   Code   RO         4160    i.set_int_enable    inv_mpu.o
    0x08006488   0x0000004c   Code   RO         4778    i.sqrt              m_ws.l(sqrt.o)
    0x080064d4   0x0000002c   Code   RO         4854    locale$$code        c_w.l(lc_numeric_c.o)
    0x08006500   0x0000002c   Code   RO         4937    locale$$code        c_w.l(lc_ctype_c.o)
    0x0800652c   0x00000062   Code   RO         4588    x$fpl$d2f           fz_ws.l(d2f.o)
    0x0800658e   0x00000002   PAD
    0x08006590   0x00000150   Code   RO         4590    x$fpl$dadd          fz_ws.l(daddsub_clz.o)
    0x080066e0   0x00000010   Code   RO         4858    x$fpl$dcheck1       fz_ws.l(dcheck1.o)
    0x080066f0   0x000002b0   Code   RO         4732    x$fpl$ddiv          fz_ws.l(ddiv.o)
    0x080069a0   0x00000154   Code   RO         4596    x$fpl$dmul          fz_ws.l(dmul.o)
    0x08006af4   0x0000009c   Code   RO         4735    x$fpl$dnaninf       fz_ws.l(dnaninf.o)
    0x08006b90   0x0000000c   Code   RO         4737    x$fpl$dretinf       fz_ws.l(dretinf.o)
    0x08006b9c   0x00000016   Code   RO         4591    x$fpl$drsb          fz_ws.l(daddsub_clz.o)
    0x08006bb2   0x00000002   PAD
    0x08006bb4   0x000001cc   Code   RO         4862    x$fpl$dsqrt         fz_ws.l(dsqrt_noumaal.o)
    0x08006d80   0x000001d4   Code   RO         4592    x$fpl$dsub          fz_ws.l(daddsub_clz.o)
    0x08006f54   0x00000056   Code   RO         4598    x$fpl$f2d           fz_ws.l(f2d.o)
    0x08006faa   0x00000002   PAD
    0x08006fac   0x000000c4   Code   RO         4600    x$fpl$fadd          fz_ws.l(faddsub_clz.o)
    0x08007070   0x00000018   Code   RO         4739    x$fpl$fcmpinf       fz_ws.l(fcmpi.o)
    0x08007088   0x00000184   Code   RO         4607    x$fpl$fdiv          fz_ws.l(fdiv.o)
    0x0800720c   0x00000068   Code   RO         4610    x$fpl$feqf          fz_ws.l(feqf.o)
    0x08007274   0x00000036   Code   RO         4612    x$fpl$ffix          fz_ws.l(ffix.o)
    0x080072aa   0x00000002   PAD
    0x080072ac   0x0000003e   Code   RO         4616    x$fpl$ffixu         fz_ws.l(ffixu.o)
    0x080072ea   0x00000002   PAD
    0x080072ec   0x00000030   Code   RO         4621    x$fpl$fflt          fz_ws.l(fflt_clz.o)
    0x0800731c   0x00000026   Code   RO         4620    x$fpl$ffltu         fz_ws.l(fflt_clz.o)
    0x08007342   0x00000002   PAD
    0x08007344   0x00000068   Code   RO         4626    x$fpl$fleqf         fz_ws.l(fleqf.o)
    0x080073ac   0x00000102   Code   RO         4628    x$fpl$fmul          fz_ws.l(fmul.o)
    0x080074ae   0x0000008c   Code   RO         4741    x$fpl$fnaninf       fz_ws.l(fnaninf.o)
    0x0800753a   0x0000000a   Code   RO         4743    x$fpl$fretinf       fz_ws.l(fretinf.o)
    0x08007544   0x00000062   Code   RO         4630    x$fpl$frleqf        fz_ws.l(frleqf.o)
    0x080075a6   0x00000002   PAD
    0x080075a8   0x000000ea   Code   RO         4602    x$fpl$fsub          fz_ws.l(faddsub_clz.o)
    0x08007692   0x00000004   Code   RO         4632    x$fpl$printf1       fz_ws.l(printf1.o)
    0x08007696   0x00000064   Code   RO         4932    x$fpl$retnan        fz_ws.l(retnan.o)
    0x080076fa   0x0000005c   Code   RO         4745    x$fpl$scalbn        fz_ws.l(scalbn.o)
    0x08007756   0x00000030   Code   RO         4947    x$fpl$trapveneer    fz_ws.l(trapv.o)
    0x08007786   0x00000000   Code   RO         4747    x$fpl$usenofp       fz_ws.l(usenofp.o)
    0x08007786   0x00000bf6   Data   RO         3953    .constdata          inv_mpu_dmp_motion_driver.o
    0x0800837c   0x00000050   Data   RO         4161    .constdata          inv_mpu.o
    0x080083cc   0x000017c0   Data   RO         4454    .constdata          oled.o
    0x08009b8c   0x00000011   Data   RO         4572    .constdata          c_w.l(__printf_flags_ss_wp.o)
    0x08009b9d   0x00000003   PAD
    0x08009ba0   0x00000050   Data   RO         4636    .constdata          m_ws.l(asin.o)
    0x08009bf0   0x00000008   Data   RO         4678    .constdata          c_w.l(_printf_wctomb.o)
    0x08009bf8   0x00000028   Data   RO         4707    .constdata          c_w.l(_printf_hex_int_ll_ptr.o)
    0x08009c20   0x00000098   Data   RO         4750    .constdata          m_ws.l(atan.o)
    0x08009cb8   0x00000008   Data   RO         4776    .constdata          m_ws.l(qnan.o)
    0x08009cc0   0x00000094   Data   RO         4823    .constdata          c_w.l(bigflt0.o)
    0x08009d54   0x0000004e   Data   RO         4162    .conststring        inv_mpu.o
    0x08009da2   0x00000002   PAD
    0x08009da4   0x00000020   Data   RO         5018    Region$$Table       anon$$obj.o
    0x08009dc4   0x0000001c   Data   RO         4853    locale$$data        c_w.l(lc_numeric_c.o)
    0x08009de0   0x00000110   Data   RO         4936    locale$$data        c_w.l(lc_ctype_c.o)


    Execution Region RW_IRAM1 (Base: 0x20000000, Size: 0x00000b48, Max: 0x00005000, ABSOLUTE)

    Base Addr    Size         Type   Attr      Idx    E Section Name        Object

    0x20000000   0x0000000c   Data   RW            8    .data               main.o
    0x2000000c   0x00000014   Data   RW          337    .data               system_stm32f10x.o
    0x20000020   0x00000014   Data   RW         2008    .data               stm32f10x_rcc.o
    0x20000034   0x00000004   Data   RW         3381    .data               delay.o
    0x20000038   0x00000006   Data   RW         3443    .data               usart.o
    0x2000003e   0x00000002   PAD
    0x20000040   0x00000030   Data   RW         3610    .data               mpu6050.o
    0x20000070   0x0000002c   Data   RW         4163    .data               inv_mpu.o
    0x2000009c   0x00000028   Zero   RW            7    .bss                main.o
    0x200000c4   0x00000014   Zero   RW         3442    .bss                usart.o
    0x200000d8   0x00000010   Zero   RW         3952    .bss                inv_mpu_dmp_motion_driver.o
    0x200000e8   0x00000400   Zero   RW         4453    .bss                oled.o
    0x200004e8   0x00000060   Zero   RW         4867    .bss                c_w.l(libspace.o)
    0x20000548   0x00000200   Zero   RW          368    HEAP                startup_stm32f10x_md.o
    0x20000748   0x00000400   Zero   RW          367    STACK               startup_stm32f10x_md.o


==============================================================================

Image component sizes


      Code (inc. data)   RO Data    RW Data    ZI Data      Debug   Object Name

       220         26          0          4          0       1591   delay.o
        88         10          0          0          0        931   gpio.o
      1284        104          0          0          0      10439   iic.o
      5878        280        158         44          0      26078   inv_mpu.o
      3096        122       3062          0         16      19886   inv_mpu_dmp_motion_driver.o
       750        182          0         12         40     223787   main.o
       172         22          0          0          0     205245   misc.o
      1592        406          0         48          0     224637   mpu6050.o
       120         40          0          0          0        474   mpu_timer.o
      1006         64       6080          0       1024       5477   oled.o
       188          8          0          0          0        726   pwm.o
        64         26        236          0       1536        804   startup_stm32f10x_md.o
       282          0          0          0          0       2399   stm32f10x_gpio.o
        26          0          0          0          0      46806   stm32f10x_it.o
       276         32          0         20          0       4270   stm32f10x_rcc.o
       958         92          0          0          0      10318   stm32f10x_tim.o
       442          6          0          0          0       5913   stm32f10x_usart.o
       328         28          0         20          0       1917   system_stm32f10x.o
       330         26          0          6         20     207302   usart.o

    ----------------------------------------------------------------------
     17128       1474       9570        156       2636     999000   Object Totals
         0          0         32          0          0          0   (incl. Generated)
        28          0          2          2          0          0   (incl. Padding)

    ----------------------------------------------------------------------

      Code (inc. data)   RO Data    RW Data    ZI Data      Debug   Library Member Name

        24          4          0          0          0         84   __2printf.o
        44          6          0          0          0         84   __2sprintf.o
         8          0          0          0          0         68   __main.o
       392          4         17          0          0         92   __printf_flags_ss_wp.o
        14          0          0          0          0         68   __printf_wp.o
         0          0          0          0          0          0   __rtentry.o
        12          0          0          0          0          0   __rtentry2.o
         6          0          0          0          0          0   __rtentry4.o
        52          8          0          0          0          0   __scatter.o
        26          0          0          0          0          0   __scatter_copy.o
        28          0          0          0          0          0   __scatter_zi.o
         6          0          0          0          0          0   _printf_a.o
         6          0          0          0          0          0   _printf_c.o
        44          0          0          0          0        108   _printf_char.o
        48          6          0          0          0         96   _printf_char_common.o
        36          4          0          0          0         80   _printf_char_file.o
        40          0          0          0          0         68   _printf_charcount.o
         6          0          0          0          0          0   _printf_d.o
       120         16          0          0          0         92   _printf_dec.o
         6          0          0          0          0          0   _printf_e.o
         6          0          0          0          0          0   _printf_f.o
      1050          0          0          0          0        216   _printf_fp_dec.o
       128         16          0          0          0         84   _printf_fp_infnan.o
         6          0          0          0          0          0   _printf_g.o
       148          4         40          0          0        160   _printf_hex_int_ll_ptr.o
         6          0          0          0          0          0   _printf_i.o
       178          0          0          0          0         88   _printf_intcommon.o
        10          0          0          0          0          0   _printf_l.o
         6          0          0          0          0          0   _printf_lc.o
        10          0          0          0          0          0   _printf_ll.o
         6          0          0          0          0          0   _printf_lld.o
         6          0          0          0          0          0   _printf_lli.o
         6          0          0          0          0          0   _printf_llo.o
         6          0          0          0          0          0   _printf_llu.o
         6          0          0          0          0          0   _printf_llx.o
       124         16          0          0          0         92   _printf_longlong_dec.o
         6          0          0          0          0          0   _printf_ls.o
         6          0          0          0          0          0   _printf_n.o
         6          0          0          0          0          0   _printf_o.o
       112         10          0          0          0        124   _printf_oct_int_ll.o
         6          0          0          0          0          0   _printf_p.o
        78          0          0          0          0        108   _printf_pad.o
         0          0          0          0          0          0   _printf_percent.o
         4          0          0          0          0          0   _printf_percent_end.o
         6          0          0          0          0          0   _printf_s.o
        82          0          0          0          0         80   _printf_str.o
        36          0          0          0          0         84   _printf_truncate.o
         6          0          0          0          0          0   _printf_u.o
        44          0          0          0          0        108   _printf_wchar.o
       188          6          8          0          0         92   _printf_wctomb.o
         6          0          0          0          0          0   _printf_x.o
        22          0          0          0          0        100   _rserrno.o
        10          0          0          0          0         68   _sputc.o
        64          0          0          0          0         92   _wcrtomb.o
        16          0          0          0          0         68   aeabi_memset.o
       220          4        148          0          0         96   bigflt0.o
      1910        128          0          0          0        672   btod.o
        24          4          0          0          0         84   c89printf.o
        18          0          0          0          0         80   exit.o
         8          0          0          0          0         68   ferror.o
         6          0          0          0          0        152   heapauxi.o
        44         10        272          0          0         76   lc_ctype_c.o
        44         10         28          0          0         76   lc_numeric_c.o
         2          0          0          0          0          0   libinit.o
        30          0          0          0          0          0   libinit2.o
         2          0          0          0          0          0   libshutdown.o
         2          0          0          0          0          0   libshutdown2.o
         8          4          0          0         96         68   libspace.o
        72          0          0          0          0         76   llsdiv.o
       138          0          0          0          0         80   lludiv10.o
       238          0          0          0          0        100   lludivv7m.o
        88          0          0          0          0         76   memcmp.o
        16          4          0          0          0         76   rt_ctype_table.o
         8          4          0          0          0         68   rt_errno_addr_intlibspace.o
         8          4          0          0          0         68   rt_locale_intlibspace.o
        68          0          0          0          0         68   rt_memclr.o
        78          0          0          0          0         80   rt_memclr_w.o
         2          0          0          0          0          0   rtexit.o
        10          0          0          0          0          0   rtexit2.o
       128          0          0          0          0         68   strcmpv7m.o
        72          0          0          0          0         80   strcpy.o
        74          0          0          0          0         80   sys_stackheap_outer.o
         2          0          0          0          0         68   use_no_semi.o
         2          0          0          0          0         68   use_no_semi_2.o
        98          4          0          0          0         92   d2f.o
       826         16          0          0          0        348   daddsub_clz.o
        16          4          0          0          0         68   dcheck1.o
       688        140          0          0          0        208   ddiv.o
       340         12          0          0          0        104   dmul.o
       156          4          0          0          0         92   dnaninf.o
        12          0          0          0          0         68   dretinf.o
       460         56          0          0          0        120   dsqrt_noumaal.o
        86          4          0          0          0         84   f2d.o
       430          8          0          0          0        168   faddsub_clz.o
        24          0          0          0          0         68   fcmpi.o
       388         76          0          0          0         96   fdiv.o
       104          4          0          0          0         84   feqf.o
        54          4          0          0          0         84   ffix.o
        62          4          0          0          0         84   ffixu.o
        86          0          0          0          0        136   fflt_clz.o
       104          4          0          0          0         84   fleqf.o
       258          4          0          0          0         84   fmul.o
       140          4          0          0          0         84   fnaninf.o
        10          0          0          0          0         68   fretinf.o
        98          0          0          0          0         68   frleqf.o
         4          0          0          0          0         68   printf1.o
       100          0          0          0          0         68   retnan.o
        92          0          0          0          0         68   scalbn.o
        48          0          0          0          0         68   trapv.o
         0          0          0          0          0          0   usenofp.o
       624         52         80          0          0        168   asin.o
       544         70        152          0          0        124   atan.o
       384         38          0          0          0        144   atan2.o
        38          6          0          0          0        272   dunder.o
        40          0          0          0          0         68   fpclassify.o
       170          0          0          0          0         96   poly.o
         0          0          8          0          0          0   qnan.o
        76          0          0          0          0         84   sqrt.o

    ----------------------------------------------------------------------
     13234        786        756          0         96       8352   Library Totals
        34          0          3          0          0          0   (incl. Padding)

    ----------------------------------------------------------------------

      Code (inc. data)   RO Data    RW Data    ZI Data      Debug   Library Name

      6640        272        513          0         96       4832   c_w.l
      4684        348          0          0          0       2564   fz_ws.l
      1876        166        240          0          0        956   m_ws.l

    ----------------------------------------------------------------------
     13234        786        756          0         96       8352   Library Totals

    ----------------------------------------------------------------------

==============================================================================


      Code (inc. data)   RO Data    RW Data    ZI Data      Debug   

     30362       2260      10326        156       2732     995336   Grand Totals
     30362       2260      10326        156       2732     995336   ELF Image Totals
     30362       2260      10326        156          0          0   ROM Totals

==============================================================================

    Total RO  Size (Code + RO Data)                40688 (  39.73kB)
    Total RW  Size (RW Data + ZI Data)              2888 (   2.82kB)
    Total ROM Size (Code + RO Data + RW Data)      40844 (  39.89kB)

==============================================================================

